Archive member included to satisfy reference by file (symbol)

c:/program files (x86)/atmel/studio/7.0/toolchain/avr8/avr8-gnu-toolchain/bin/../lib/gcc/avr/5.4.0/avr5\libgcc.a(_mulsi3.o)
                              src/Drivers/ds3231.o (__mulsi3)
c:/program files (x86)/atmel/studio/7.0/toolchain/avr8/avr8-gnu-toolchain/bin/../lib/gcc/avr/5.4.0/avr5\libgcc.a(_udivmodhi4.o)
                              src/Core/morse.o (__udivmodhi4)
c:/program files (x86)/atmel/studio/7.0/toolchain/avr8/avr8-gnu-toolchain/bin/../lib/gcc/avr/5.4.0/avr5\libgcc.a(_divmodhi4.o)
                              src/Core/main.o (__divmodhi4)
c:/program files (x86)/atmel/studio/7.0/toolchain/avr8/avr8-gnu-toolchain/bin/../lib/gcc/avr/5.4.0/avr5\libgcc.a(_udivmodsi4.o)
                              src/Core/linkbus.o (__udivmodsi4)
c:/program files (x86)/atmel/studio/7.0/toolchain/avr8/avr8-gnu-toolchain/bin/../lib/gcc/avr/5.4.0/avr5\libgcc.a(_divmodsi4.o)
                              src/Core/main.o (__divmodsi4)
c:/program files (x86)/atmel/studio/7.0/toolchain/avr8/avr8-gnu-toolchain/bin/../lib/gcc/avr/5.4.0/avr5\libgcc.a(_negsi2.o)
                              c:/program files (x86)/atmel/studio/7.0/toolchain/avr8/avr8-gnu-toolchain/bin/../lib/gcc/avr/5.4.0/avr5\libgcc.a(_divmodsi4.o) (__negsi2)
c:/program files (x86)/atmel/studio/7.0/toolchain/avr8/avr8-gnu-toolchain/bin/../lib/gcc/avr/5.4.0/avr5\libgcc.a(_exit.o)
                              C:/Program Files (x86)/Atmel/Studio/7.0/Packs/atmel/ATmega_DFP/1.0.106/gcc/dev/atmega328p/avr5/crtatmega328p.o (exit)
c:/program files (x86)/atmel/studio/7.0/toolchain/avr8/avr8-gnu-toolchain/bin/../lib/gcc/avr/5.4.0/avr5\libgcc.a(_tablejump2.o)
                              src/Core/morse.o (__tablejump2__)
c:/program files (x86)/atmel/studio/7.0/toolchain/avr8/avr8-gnu-toolchain/bin/../lib/gcc/avr/5.4.0/avr5\libgcc.a(_copy_data.o)
                              src/Core/linkbus.o (__do_copy_data)
c:/program files (x86)/atmel/studio/7.0/toolchain/avr8/avr8-gnu-toolchain/bin/../lib/gcc/avr/5.4.0/avr5\libgcc.a(_clear_bss.o)
                              src/Core/linkbus.o (__do_clear_bss)
c:/program files (x86)/atmel/studio/7.0/toolchain/avr8/avr8-gnu-toolchain/bin/../lib/gcc/avr/5.4.0/avr5\libgcc.a(_umulhisi3.o)
                              src/Core/main.o (__umulhisi3)
c:/program files (x86)/atmel/studio/7.0/toolchain/avr8/avr8-gnu-toolchain/bin/../lib/gcc/avr/5.4.0/avr5\libgcc.a(_muluhisi3.o)
                              src/Core/main.o (__muluhisi3)
c:/program files (x86)/atmel/studio/7.0/toolchain/avr8/avr8-gnu-toolchain/bin/../lib/gcc/avr/5.4.0/../../../../avr/lib/avr5\libc.a(atoi.o)
                              src/Core/main.o (atoi)
c:/program files (x86)/atmel/studio/7.0/toolchain/avr8/avr8-gnu-toolchain/bin/../lib/gcc/avr/5.4.0/../../../../avr/lib/avr5\libc.a(atol.o)
                              src/Core/main.o (atol)
c:/program files (x86)/atmel/studio/7.0/toolchain/avr8/avr8-gnu-toolchain/bin/../lib/gcc/avr/5.4.0/../../../../avr/lib/avr5\libc.a(toupper.o)
                              src/Core/main.o (toupper)
c:/program files (x86)/atmel/studio/7.0/toolchain/avr8/avr8-gnu-toolchain/bin/../lib/gcc/avr/5.4.0/../../../../avr/lib/avr5\libc.a(memset.o)
                              src/Core/linkbus.o (memset)
c:/program files (x86)/atmel/studio/7.0/toolchain/avr8/avr8-gnu-toolchain/bin/../lib/gcc/avr/5.4.0/../../../../avr/lib/avr5\libc.a(strcpy.o)
                              src/Core/linkbus.o (strcpy)
c:/program files (x86)/atmel/studio/7.0/toolchain/avr8/avr8-gnu-toolchain/bin/../lib/gcc/avr/5.4.0/../../../../avr/lib/avr5\libc.a(strlen.o)
                              src/Core/linkbus.o (strlen)
c:/program files (x86)/atmel/studio/7.0/toolchain/avr8/avr8-gnu-toolchain/bin/../lib/gcc/avr/5.4.0/../../../../avr/lib/avr5\libc.a(strncpy.o)
                              src/Core/linkbus.o (strncpy)
c:/program files (x86)/atmel/studio/7.0/toolchain/avr8/avr8-gnu-toolchain/bin/../lib/gcc/avr/5.4.0/../../../../avr/lib/avr5\libc.a(mulsi10.o)
                              c:/program files (x86)/atmel/studio/7.0/toolchain/avr8/avr8-gnu-toolchain/bin/../lib/gcc/avr/5.4.0/../../../../avr/lib/avr5\libc.a(atol.o) (__mulsi_const_10)
c:/program files (x86)/atmel/studio/7.0/toolchain/avr8/avr8-gnu-toolchain/bin/../lib/gcc/avr/5.4.0/../../../../avr/lib/avr5\libc.a(mul10.o)
                              c:/program files (x86)/atmel/studio/7.0/toolchain/avr8/avr8-gnu-toolchain/bin/../lib/gcc/avr/5.4.0/../../../../avr/lib/avr5\libc.a(atoi.o) (__mulhi_const_10)
c:/program files (x86)/atmel/studio/7.0/toolchain/avr8/avr8-gnu-toolchain/bin/../lib/gcc/avr/5.4.0/../../../../avr/lib/avr5\libc.a(sprintf.o)
                              src/Core/linkbus.o (sprintf)
c:/program files (x86)/atmel/studio/7.0/toolchain/avr8/avr8-gnu-toolchain/bin/../lib/gcc/avr/5.4.0/../../../../avr/lib/avr5\libc.a(difftime.o)
                              src/Core/main.o (difftime)
[...]
Memory Configuration

Name             Origin             Length             Attributes
text             0x00000000         0x00020000         xr
data             0x00800060         0x0000ffa0         rw !x
eeprom           0x00810000         0x00010000         rw !x
fuse             0x00820000         0x00000400         rw !x
lock             0x00830000         0x00000400         rw !x
signature        0x00840000         0x00000400         rw !x
user_signatures  0x00850000         0x00000400         rw !x
*default*        0x00000000         0xffffffff

Linker script and memory map

Address of section .data set to 0x800100
LOAD C:/Program Files (x86)/Atmel/Studio/7.0/Packs/atmel/ATmega_DFP/1.0.106/gcc/dev/atmega328p/avr5/crtatmega328p.o
LOAD src/Core/linkbus.o
LOAD src/Core/main.o
LOAD src/Core/morse.o
LOAD src/Core/transmitter.o
LOAD src/Core/util.o
LOAD src/Drivers/ad5245.o
LOAD src/Drivers/ds3231.o
LOAD src/Drivers/huzzah.o
LOAD src/Drivers/i2c.o
LOAD src/Drivers/si5351.o
LOAD src/ASF/common/boards/user_board/init.o
START GROUP
LOAD c:/program files (x86)/atmel/studio/7.0/toolchain/avr8/avr8-gnu-toolchain/bin/../lib/gcc/avr/5.4.0/../../../../avr/lib/avr5\libm.a
END GROUP
                0x00000400                STACK_SIZE = 0x400
START GROUP
LOAD c:/program files (x86)/atmel/studio/7.0/toolchain/avr8/avr8-gnu-toolchain/bin/../lib/gcc/avr/5.4.0/avr5\libgcc.a
LOAD c:/program files (x86)/atmel/studio/7.0/toolchain/avr8/avr8-gnu-toolchain/bin/../lib/gcc/avr/5.4.0/../../../../avr/lib/avr5\libm.a
LOAD c:/program files (x86)/atmel/studio/7.0/toolchain/avr8/avr8-gnu-toolchain/bin/../lib/gcc/avr/5.4.0/../../../../avr/lib/avr5\libc.a
LOAD C:/Program Files (x86)/Atmel/Studio/7.0/Packs/atmel/ATmega_DFP/1.0.106/gcc/dev/atmega328p/avr5\libatmega328p.a
END GROUP
                0x00020000                __TEXT_REGION_LENGTH__ = DEFINED (__TEXT_REGION_LENGTH__)?__TEXT_REGION_LENGTH__:0x20000
                0x0000ffa0                __DATA_REGION_LENGTH__ = DEFINED (__DATA_REGION_LENGTH__)?__DATA_REGION_LENGTH__:0xffa0
                0x00010000                __EEPROM_REGION_LENGTH__ = DEFINED (__EEPROM_REGION_LENGTH__)?__EEPROM_REGION_LENGTH__:0x10000
                0x00000400                __FUSE_REGION_LENGTH__ = DEFINED (__FUSE_REGION_LENGTH__)?__FUSE_REGION_LENGTH__:0x400
                0x00000400                __LOCK_REGION_LENGTH__ = DEFINED (__LOCK_REGION_LENGTH__)?__LOCK_REGION_LENGTH__:0x400
                0x00000400                __SIGNATURE_REGION_LENGTH__ = DEFINED (__SIGNATURE_REGION_LENGTH__)?__SIGNATURE_REGION_LENGTH__:0x400
                0x00000400                __USER_SIGNATURE_REGION_LENGTH__ = DEFINED (__USER_SIGNATURE_REGION_LENGTH__)?__USER_SIGNATURE_REGION_LENGTH__:0x400

.hash
 *(.hash)

.dynsym
 *(.dynsym)

.dynstr
 *(.dynstr)

.gnu.version
 *(.gnu.version)

.gnu.version_d
 *(.gnu.version_d)

.gnu.version_r
 *(.gnu.version_r)

.rel.init
 *(.rel.init)

.rela.init
 *(.rela.init)

.rel.text
 *(.rel.text)
 *(.rel.text.*)
 *(.rel.gnu.linkonce.t*)

.rela.text
 *(.rela.text)
 *(.rela.text.*)
 *(.rela.gnu.linkonce.t*)

.rel.fini
 *(.rel.fini)

.rela.fini
 *(.rela.fini)

.rel.rodata
 *(.rel.rodata)
 *(.rel.rodata.*)
 *(.rel.gnu.linkonce.r*)

.rela.rodata
 *(.rela.rodata)
 *(.rela.rodata.*)
 *(.rela.gnu.linkonce.r*)

.rel.data
 *(.rel.data)
 *(.rel.data.*)
 *(.rel.gnu.linkonce.d*)

.rela.data
 *(.rela.data)
 *(.rela.data.*)
 *(.rela.gnu.linkonce.d*)

.rel.ctors
 *(.rel.ctors)

.rela.ctors
 *(.rela.ctors)

.rel.dtors
 *(.rel.dtors)

.rela.dtors
 *(.rela.dtors)

.rel.got
 *(.rel.got)

.rela.got
 *(.rela.got)

.rel.bss
 *(.rel.bss)

.rela.bss
 *(.rela.bss)

.rel.plt
 *(.rel.plt)

.rela.plt
 *(.rela.plt)

.text           0x00000000     0x76c8
 *(.vectors)
 .vectors       0x00000000       0x68 C:/Program Files (x86)/Atmel/Studio/7.0/Packs/atmel/ATmega_DFP/1.0.106/gcc/dev/atmega328p/avr5/crtatmega328p.o
                0x00000000                __vector_default
                0x00000000                __vectors
 *(.vectors)
 *(.progmem.gcc*)
 .progmem.gcc_sw_table
                0x00000068       0xba src/Core/morse.o
                0x00000122                . = ALIGN (0x2)
                0x00000122                __trampolines_start = .
 *(.trampolines)
 .trampolines   0x00000122        0x0 linker stubs
 *(.trampolines*)
                0x00000122                __trampolines_end = .
 *libprintf_flt.a:*(.progmem.data)
 *libc.a:*(.progmem.data)
 *(.progmem*)
                0x00000122                . = ALIGN (0x2)
 *(.jumptables)
 *(.jumptables*)
 *(.lowtext)
 *(.lowtext*)
                0x00000122                __ctors_start = .
 *(.ctors)
                0x00000122                __ctors_end = .
                0x00000122                __dtors_start = .
 *(.dtors)
                0x00000122                __dtors_end = .
 SORT(*)(.ctors)
 SORT(*)(.dtors)
 *(.init0)
 .init0         0x00000122        0x0 C:/Program Files (x86)/Atmel/Studio/7.0/Packs/atmel/ATmega_DFP/1.0.106/gcc/dev/atmega328p/avr5/crtatmega328p.o
                0x00000122                __init
 *(.init0)
 *(.init1)
 *(.init1)
 *(.init2)
 .init2         0x00000122        0xc C:/Program Files (x86)/Atmel/Studio/7.0/Packs/atmel/ATmega_DFP/1.0.106/gcc/dev/atmega328p/avr5/crtatmega328p.o
 *(.init2)
 *(.init3)
 *(.init3)
 *(.init4)
 .init4         0x0000012e       0x16 c:/program files (x86)/atmel/studio/7.0/toolchain/avr8/avr8-gnu-toolchain/bin/../lib/gcc/avr/5.4.0/avr5\libgcc.a(_copy_data.o)
                0x0000012e                __do_copy_data
 .init4         0x00000144       0x10 c:/program files (x86)/atmel/studio/7.0/toolchain/avr8/avr8-gnu-toolchain/bin/../lib/gcc/avr/5.4.0/avr5\libgcc.a(_clear_bss.o)
                0x00000144                __do_clear_bss
 *(.init4)
 *(.init5)
 *(.init5)
 *(.init6)
 *(.init6)
 *(.init7)
 *(.init7)
 *(.init8)
 *(.init8)
 *(.init9)
 .init9         0x00000154        0x8 C:/Program Files (x86)/Atmel/Studio/7.0/Packs/atmel/ATmega_DFP/1.0.106/gcc/dev/atmega328p/avr5/crtatmega328p.o
 *(.init9)
 *(.text)
 .text          0x0000015c        0x2 C:/Program Files (x86)/Atmel/Studio/7.0/Packs/atmel/ATmega_DFP/1.0.106/gcc/dev/atmega328p/avr5/crtatmega328p.o
                0x0000015c                __vector_22
                0x0000015c                __vector_24
                0x0000015c                __vector_12
                0x0000015c                __bad_interrupt
                0x0000015c                __vector_23
                0x0000015c                __vector_25
                0x0000015c                __vector_11
                0x0000015c                __vector_13
                0x0000015c                __vector_17
                0x0000015c                __vector_7
                0x0000015c                __vector_9
                0x0000015c                __vector_2
                0x0000015c                __vector_21
                0x0000015c                __vector_15
                0x0000015c                __vector_14
                0x0000015c                __vector_10
                0x0000015c                __vector_16
                0x0000015c                __vector_20
 .text          0x0000015e      0xd34 src/Core/linkbus.o
                0x0000015e                nextFullTxBuffer
                0x000001e4                nextEmptyTxBuffer
                0x0000026a                nextEmptyRxBuffer
                0x000002f2                nextFullRxBuffer
                0x0000037a                linkbusTxInProgress
                0x0000038c                linkbus_start_tx
                0x000003cc                linkbus_end_tx
                0x000003fa                linkbus_reset_rx
                0x00000452                linkbus_init
                0x000004e0                linkbus_disable
                0x0000053e                linkbus_setTerminalMode
                0x00000576                linkbus_send_text
                0x000005f8                lb_send_WDTError
                0x0000060e                lb_send_Help
                0x000006f0                lb_send_NewPrompt
                0x00000716                lb_send_NewLine
                0x0000072c                linkbus_setLineTerm
                0x00000768                lb_echo_char
                0x0000078e                lb_send_string
                0x000007dc                lb_send_value
                0x00000854                lb_send_FRE
                0x00000a7e                lb_send_msg
                0x00000b84                lb_send_BND
                0x00000cec                lb_send_sync
                0x00000d14                lb_broadcast_num
 .text          0x00000e92     0x2e3e src/Core/main.o
                0x00000e92                wdt_init
                0x00000f00                __vector_1
                0x00001446                __vector_8
                0x000018b8                __vector_3
                0x0000191e                __vector_4
                0x000019b0                __vector_6
                0x00001a4e                __vector_18
                0x000021ca                __vector_19
                0x000022aa                __vector_5
                0x00002310                hw_init
                0x0000237a                set_ports
                0x0000245a                main
                0x0000368c                initializeTxWithSettings
                0x00003968                initializeEEPROMVars
                0x00003b38                saveAllEEPROM
                0x00003c7c                throttleValue
 .text          0x00003cd0      0x686 src/Core/morse.o
                0x00003cd0                makeMorse
                0x00003f40                timeRequiredToSendStrAtWPM
                0x00003fec                getMorseChar
 .text          0x00004356      0x862 src/Core/transmitter.o
                0x00004356                txSetFrequency
                0x00004480                txGetFrequency
                0x000044d4                txGetModulationLevels
                0x00004514                txSetBand
                0x000045bc                txGetBand
                0x000045ce                powerToTransmitter
                0x00004650                keyTransmitter
                0x000046f2                txSetDrive
                0x0000477c                txSetPowerLevel
                0x00004834                txGetPowerLevel
                0x00004858                txSetModulation
                0x000048a6                txGetModulation
                0x000048c4                txAMModulationEnabled
                0x000048d6                init_transmitter
                0x0000493e                storeTtransmitterValues
                0x00004950                initializeTransmitterEEPROMVars
                0x00004a84                saveAllTransmitterEEPROM
                0x00004b3c                bandForFrequency
 .text          0x00004bb8       0xe2 src/Core/util.o
                0x00004bb8                storeEEbyteIfChanged
                0x00004bf2                storeEEwordIfChanged
                0x00004c38                storeEEdwordIfChanged
 .text          0x00004c9a       0x24 src/Drivers/ad5245.o
                0x00004c9a                ad5245_set_potentiometer
 .text          0x00004cbe      0x654 src/Drivers/ds3231.o
                0x00004cbe                ds3231_get_epoch
                0x00005016                ds3231_get_temp
                0x0000509a                ds3231_set_date_time
                0x000052cc                ds3231_1s_sqw
 .text          0x00005312       0x9c src/Drivers/huzzah.o
                0x00005312                wifi_enabled
                0x0000532a                wifi_reset
                0x0000536c                wifi_power
 .text          0x000053ae      0x5fe src/Drivers/i2c.o
                0x000053ea                i2c_init
                0x00005434                i2c_start
                0x00005480                i2c_stop
                0x0000549a                i2c_write_success
                0x0000550a                i2c_read_ack
                0x00005540                i2c_read_nack
                0x00005576                i2c_status
                0x000055b8                i2c_device_write
                0x000056b4                i2c_device_read
                0x00005810                dac081c_set_dac
                0x0000586e                dac081c_read_dac
 .text          0x000059ac     0x13e8 src/Drivers/si5351.o
                0x000059ac                si5351_init
                0x00005ae4                si5351_set_freq
                0x00005d88                si5351_get_frequency
                0x00005dbc                si5351_clock_enable
                0x00005e32                si5351_drive_strength
                0x00005ee0                pll_reset
                0x00005f1e                set_pll
                0x000060bc                si5351_set_correction
                0x000060f8                si5351_get_correction
                0x0000611a                pll_calc
                0x000062f8                reduce_by_gcd
                0x00006462                multisynth_calc
                0x00006678                si5351_set_vcoB_freq
                0x000066c4                multisynth_estimate
                0x000069ce                si5351_write_bulk
                0x00006a00                si5351_write
                0x00006a28                si5351_read
                0x00006a56                set_multisynth_registers_source
                0x00006aae                set_multisynth_registers
                0x00006ca6                set_integer_mode
                0x00006cf8                ms_div
 .text          0x00006d94       0x10 src/ASF/common/boards/user_board/init.o
                0x00006d94                board_init
 .text          0x00006da4        0x0 c:/program files (x86)/atmel/studio/7.0/toolchain/avr8/avr8-gnu-toolchain/bin/../lib/gcc/avr/5.4.0/avr5\libgcc.a(_mulsi3.o)
 .text          0x00006da4        0x0 c:/program files (x86)/atmel/studio/7.0/toolchain/avr8/avr8-gnu-toolchain/bin/../lib/gcc/avr/5.4.0/avr5\libgcc.a(_udivmodhi4.o)
 .text          0x00006da4        0x0 c:/program files (x86)/atmel/studio/7.0/toolchain/avr8/avr8-gnu-toolchain/bin/../lib/gcc/avr/5.4.0/avr5\libgcc.a(_divmodhi4.o)
 .text          0x00006da4        0x0 c:/program files (x86)/atmel/studio/7.0/toolchain/avr8/avr8-gnu-toolchain/bin/../lib/gcc/avr/5.4.0/avr5\libgcc.a(_udivmodsi4.o)
 .text          0x00006da4        0x0 c:/program files (x86)/atmel/studio/7.0/toolchain/avr8/avr8-gnu-toolchain/bin/../lib/gcc/avr/5.4.0/avr5\libgcc.a(_divmodsi4.o)
 .text          0x00006da4        0x0 c:/program files (x86)/atmel/studio/7.0/toolchain/avr8/avr8-gnu-toolchain/bin/../lib/gcc/avr/5.4.0/avr5\libgcc.a(_negsi2.o)
 .text          0x00006da4        0x0 c:/program files (x86)/atmel/studio/7.0/toolchain/avr8/avr8-gnu-toolchain/bin/../lib/gcc/avr/5.4.0/avr5\libgcc.a(_exit.o)
 .text          0x00006da4        0x0 c:/program files (x86)/atmel/studio/7.0/toolchain/avr8/avr8-gnu-toolchain/bin/../lib/gcc/avr/5.4.0/avr5\libgcc.a(_tablejump2.o)
 .text          0x00006da4        0x0 c:/program files (x86)/atmel/studio/7.0/toolchain/avr8/avr8-gnu-toolchain/bin/../lib/gcc/avr/5.4.0/avr5\libgcc.a(_copy_data.o)
 .text          0x00006da4        0x0 c:/program files (x86)/atmel/studio/7.0/toolchain/avr8/avr8-gnu-toolchain/bin/../lib/gcc/avr/5.4.0/avr5\libgcc.a(_clear_bss.o)
 .text          0x00006da4        0x0 c:/program files (x86)/atmel/studio/7.0/toolchain/avr8/avr8-gnu-toolchain/bin/../lib/gcc/avr/5.4.0/avr5\libgcc.a(_umulhisi3.o)
 .text          0x00006da4        0x0 c:/program files (x86)/atmel/studio/7.0/toolchain/avr8/avr8-gnu-toolchain/bin/../lib/gcc/avr/5.4.0/avr5\libgcc.a(_muluhisi3.o)
 .text          0x00006da4        0x0 c:/program files (x86)/atmel/studio/7.0/toolchain/avr8/avr8-gnu-toolchain/bin/../lib/gcc/avr/5.4.0/../../../../avr/lib/avr5\libc.a(atoi.o)
 .text          0x00006da4        0x0 c:/program files (x86)/atmel/studio/7.0/toolchain/avr8/avr8-gnu-toolchain/bin/../lib/gcc/avr/5.4.0/../../../../avr/lib/avr5\libc.a(atol.o)
 .text          0x00006da4        0x0 c:/program files (x86)/atmel/studio/7.0/toolchain/avr8/avr8-gnu-toolchain/bin/../lib/gcc/avr/5.4.0/../../../../avr/lib/avr5\libc.a(toupper.o)
 .text          0x00006da4        0x0 c:/program files (x86)/atmel/studio/7.0/toolchain/avr8/avr8-gnu-toolchain/bin/../lib/gcc/avr/5.4.0/../../../../avr/lib/avr5\libc.a(memset.o)
 .text          0x00006da4        0x0 c:/program files (x86)/atmel/studio/7.0/toolchain/avr8/avr8-gnu-toolchain/bin/../lib/gcc/avr/5.4.0/../../../../avr/lib/avr5\libc.a(strcpy.o)
 .text          0x00006da4        0x0 c:/program files (x86)/atmel/studio/7.0/toolchain/avr8/avr8-gnu-toolchain/bin/../lib/gcc/avr/5.4.0/../../../../avr/lib/avr5\libc.a(strlen.o)
 .text          0x00006da4        0x0 c:/program files (x86)/atmel/studio/7.0/toolchain/avr8/avr8-gnu-toolchain/bin/../lib/gcc/avr/5.4.0/../../../../avr/lib/avr5\libc.a(strncpy.o)
 .text          0x00006da4        0x0 c:/program files (x86)/atmel/studio/7.0/toolchain/avr8/avr8-gnu-toolchain/bin/../lib/gcc/avr/5.4.0/../../../../avr/lib/avr5\libc.a(mulsi10.o)
 .text          0x00006da4        0x0 c:/program files (x86)/atmel/studio/7.0/toolchain/avr8/avr8-gnu-toolchain/bin/../lib/gcc/avr/5.4.0/../../../../avr/lib/avr5\libc.a(mul10.o)
 .text          0x00006da4        0x0 c:/program files (x86)/atmel/studio/7.0/toolchain/avr8/avr8-gnu-toolchain/bin/../lib/gcc/avr/5.4.0/../../../../avr/lib/avr5\libc.a(sprintf.o)
 .text          0x00006da4        0xa c:/program files (x86)/atmel/studio/7.0/toolchain/avr8/avr8-gnu-toolchain/bin/../lib/gcc/avr/5.4.0/../../../../avr/lib/avr5\libc.a(difftime.o)
                0x00006da4                difftime
 .text          0x00006dae       0x18 c:/program files (x86)/atmel/studio/7.0/toolchain/avr8/avr8-gnu-toolchain/bin/../lib/gcc/avr/5.4.0/../../../../avr/lib/avr5\libc.a(month_length.o)
                0x00006dae                month_length
 .text          0x00006dc6       0x18 c:/program files (x86)/atmel/studio/7.0/toolchain/avr8/avr8-gnu-toolchain/bin/../lib/gcc/avr/5.4.0/../../../../avr/lib/avr5\libc.a(set_system_time.o)
                0x00006dc6                set_system_time
 .text          0x00006dde        0x0 c:/program files (x86)/atmel/studio/7.0/toolchain/avr8/avr8-gnu-toolchain/bin/../lib/gcc/avr/5.4.0/../../../../avr/lib/avr5\libc.a(system_time.o)
 .text          0x00006dde       0x26 c:/program files (x86)/atmel/studio/7.0/toolchain/avr8/avr8-gnu-toolchain/bin/../lib/gcc/avr/5.4.0/../../../../avr/lib/avr5\libc.a(time.o)
                0x00006dde                time
 .text          0x00006e04       0x38 c:/program files (x86)/atmel/studio/7.0/toolchain/avr8/avr8-gnu-toolchain/bin/../lib/gcc/avr/5.4.0/../../../../avr/lib/avr5\libc.a(system_tick.o)
                0x00006e04                system_tick
 .text          0x00006e3c        0x0 c:/program files (x86)/atmel/studio/7.0/toolchain/avr8/avr8-gnu-toolchain/bin/../lib/gcc/avr/5.4.0/../../../../avr/lib/avr5\libc.a(vfprintf_std.o)
 .text          0x00006e3c        0x0 c:/program files (x86)/atmel/studio/7.0/toolchain/avr8/avr8-gnu-toolchain/bin/../lib/gcc/avr/5.4.0/../../../../avr/lib/avr5\libc.a(strnlen_P.o)
 .text          0x00006e3c        0x0 c:/program files (x86)/atmel/studio/7.0/toolchain/avr8/avr8-gnu-toolchain/bin/../lib/gcc/avr/5.4.0/../../../../avr/lib/avr5\libc.a(strnlen.o)
 .text          0x00006e3c        0x0 c:/program files (x86)/atmel/studio/7.0/toolchain/avr8/avr8-gnu-toolchain/bin/../lib/gcc/avr/5.4.0/../../../../avr/lib/avr5\libc.a(fputc.o)
 .text          0x00006e3c        0x0 c:/program files (x86)/atmel/studio/7.0/toolchain/avr8/avr8-gnu-toolchain/bin/../lib/gcc/avr/5.4.0/../../../../avr/lib/avr5\libc.a(ultoa_invert.o)
 .text          0x00006e3c       0x26 c:/program files (x86)/atmel/studio/7.0/toolchain/avr8/avr8-gnu-toolchain/bin/../lib/gcc/avr/5.4.0/../../../../avr/lib/avr5\libc.a(isLeap.o)
                0x00006e3c                is_leap_year
 .text          0x00006e62        0x0 C:/Program Files (x86)/Atmel/Studio/7.0/Packs/atmel/ATmega_DFP/1.0.106/gcc/dev/atmega328p/avr5\libatmega328p.a(eerd_byte.o)
 .text          0x00006e62        0x0 C:/Program Files (x86)/Atmel/Studio/7.0/Packs/atmel/ATmega_DFP/1.0.106/gcc/dev/atmega328p/avr5\libatmega328p.a(eerd_dword.o)
 .text          0x00006e62        0x0 C:/Program Files (x86)/Atmel/Studio/7.0/Packs/atmel/ATmega_DFP/1.0.106/gcc/dev/atmega328p/avr5\libatmega328p.a(eerd_word.o)
 .text          0x00006e62        0x0 C:/Program Files (x86)/Atmel/Studio/7.0/Packs/atmel/ATmega_DFP/1.0.106/gcc/dev/atmega328p/avr5\libatmega328p.a(eewr_byte.o)
 .text          0x00006e62        0x0 C:/Program Files (x86)/Atmel/Studio/7.0/Packs/atmel/ATmega_DFP/1.0.106/gcc/dev/atmega328p/avr5\libatmega328p.a(eewr_dword.o)
 .text          0x00006e62        0x0 C:/Program Files (x86)/Atmel/Studio/7.0/Packs/atmel/ATmega_DFP/1.0.106/gcc/dev/atmega328p/avr5\libatmega328p.a(eewr_word.o)
 .text          0x00006e62        0x0 C:/Program Files (x86)/Atmel/Studio/7.0/Packs/atmel/ATmega_DFP/1.0.106/gcc/dev/atmega328p/avr5\libatmega328p.a(eerd_block.o)
 .text          0x00006e62        0x0 c:/program files (x86)/atmel/studio/7.0/toolchain/avr8/avr8-gnu-toolchain/bin/../lib/gcc/avr/5.4.0/avr5\libgcc.a(_prologue.o)
 .text          0x00006e62        0x0 c:/program files (x86)/atmel/studio/7.0/toolchain/avr8/avr8-gnu-toolchain/bin/../lib/gcc/avr/5.4.0/avr5\libgcc.a(_epilogue.o)
                0x00006e62                . = ALIGN (0x2)
 *(.text.*)
 .text.libgcc.mul
                0x00006e62       0x1e c:/program files (x86)/atmel/studio/7.0/toolchain/avr8/avr8-gnu-toolchain/bin/../lib/gcc/avr/5.4.0/avr5\libgcc.a(_mulsi3.o)
                0x00006e62                __mulsi3
 .text.libgcc.div
                0x00006e80        0x0 c:/program files (x86)/atmel/studio/7.0/toolchain/avr8/avr8-gnu-toolchain/bin/../lib/gcc/avr/5.4.0/avr5\libgcc.a(_mulsi3.o)
 .text.libgcc   0x00006e80        0x0 c:/program files (x86)/atmel/studio/7.0/toolchain/avr8/avr8-gnu-toolchain/bin/../lib/gcc/avr/5.4.0/avr5\libgcc.a(_mulsi3.o)
 .text.libgcc.prologue
                0x00006e80        0x0 c:/program files (x86)/atmel/studio/7.0/toolchain/avr8/avr8-gnu-toolchain/bin/../lib/gcc/avr/5.4.0/avr5\libgcc.a(_mulsi3.o)
 .text.libgcc.builtins
                0x00006e80        0x0 c:/program files (x86)/atmel/studio/7.0/toolchain/avr8/avr8-gnu-toolchain/bin/../lib/gcc/avr/5.4.0/avr5\libgcc.a(_mulsi3.o)
 .text.libgcc.fmul
                0x00006e80        0x0 c:/program files (x86)/atmel/studio/7.0/toolchain/avr8/avr8-gnu-toolchain/bin/../lib/gcc/avr/5.4.0/avr5\libgcc.a(_mulsi3.o)
 .text.libgcc.fixed
                0x00006e80        0x0 c:/program files (x86)/atmel/studio/7.0/toolchain/avr8/avr8-gnu-toolchain/bin/../lib/gcc/avr/5.4.0/avr5\libgcc.a(_mulsi3.o)
 .text.libgcc.mul
                0x00006e80        0x0 c:/program files (x86)/atmel/studio/7.0/toolchain/avr8/avr8-gnu-toolchain/bin/../lib/gcc/avr/5.4.0/avr5\libgcc.a(_udivmodhi4.o)
 .text.libgcc.div
                0x00006e80       0x28 c:/program files (x86)/atmel/studio/7.0/toolchain/avr8/avr8-gnu-toolchain/bin/../lib/gcc/avr/5.4.0/avr5\libgcc.a(_udivmodhi4.o)
                0x00006e80                __udivmodhi4
 .text.libgcc   0x00006ea8        0x0 c:/program files (x86)/atmel/studio/7.0/toolchain/avr8/avr8-gnu-toolchain/bin/../lib/gcc/avr/5.4.0/avr5\libgcc.a(_udivmodhi4.o)
 .text.libgcc.prologue
                0x00006ea8        0x0 c:/program files (x86)/atmel/studio/7.0/toolchain/avr8/avr8-gnu-toolchain/bin/../lib/gcc/avr/5.4.0/avr5\libgcc.a(_udivmodhi4.o)
 .text.libgcc.builtins
                0x00006ea8        0x0 c:/program files (x86)/atmel/studio/7.0/toolchain/avr8/avr8-gnu-toolchain/bin/../lib/gcc/avr/5.4.0/avr5\libgcc.a(_udivmodhi4.o)
 .text.libgcc.fmul
                0x00006ea8        0x0 c:/program files (x86)/atmel/studio/7.0/toolchain/avr8/avr8-gnu-toolchain/bin/../lib/gcc/avr/5.4.0/avr5\libgcc.a(_udivmodhi4.o)
 .text.libgcc.fixed
                0x00006ea8        0x0 c:/program files (x86)/atmel/studio/7.0/toolchain/avr8/avr8-gnu-toolchain/bin/../lib/gcc/avr/5.4.0/avr5\libgcc.a(_udivmodhi4.o)
 .text.libgcc.mul
                0x00006ea8        0x0 c:/program files (x86)/atmel/studio/7.0/toolchain/avr8/avr8-gnu-toolchain/bin/../lib/gcc/avr/5.4.0/avr5\libgcc.a(_divmodhi4.o)
 .text.libgcc.div
                0x00006ea8       0x26 c:/program files (x86)/atmel/studio/7.0/toolchain/avr8/avr8-gnu-toolchain/bin/../lib/gcc/avr/5.4.0/avr5\libgcc.a(_divmodhi4.o)
                0x00006ea8                _div
                0x00006ea8                __divmodhi4
 .text.libgcc   0x00006ece        0x0 c:/program files (x86)/atmel/studio/7.0/toolchain/avr8/avr8-gnu-toolchain/bin/../lib/gcc/avr/5.4.0/avr5\libgcc.a(_divmodhi4.o)
 .text.libgcc.prologue
                0x00006ece        0x0 c:/program files (x86)/atmel/studio/7.0/toolchain/avr8/avr8-gnu-toolchain/bin/../lib/gcc/avr/5.4.0/avr5\libgcc.a(_divmodhi4.o)
 .text.libgcc.builtins
                0x00006ece        0x0 c:/program files (x86)/atmel/studio/7.0/toolchain/avr8/avr8-gnu-toolchain/bin/../lib/gcc/avr/5.4.0/avr5\libgcc.a(_divmodhi4.o)
 .text.libgcc.fmul
                0x00006ece        0x0 c:/program files (x86)/atmel/studio/7.0/toolchain/avr8/avr8-gnu-toolchain/bin/../lib/gcc/avr/5.4.0/avr5\libgcc.a(_divmodhi4.o)
 .text.libgcc.fixed
                0x00006ece        0x0 c:/program files (x86)/atmel/studio/7.0/toolchain/avr8/avr8-gnu-toolchain/bin/../lib/gcc/avr/5.4.0/avr5\libgcc.a(_divmodhi4.o)
 .text.libgcc.mul
                0x00006ece        0x0 c:/program files (x86)/atmel/studio/7.0/toolchain/avr8/avr8-gnu-toolchain/bin/../lib/gcc/avr/5.4.0/avr5\libgcc.a(_udivmodsi4.o)
 .text.libgcc.div
                0x00006ece       0x44 c:/program files (x86)/atmel/studio/7.0/toolchain/avr8/avr8-gnu-toolchain/bin/../lib/gcc/avr/5.4.0/avr5\libgcc.a(_udivmodsi4.o)
                0x00006ece                __udivmodsi4
 .text.libgcc   0x00006f12        0x0 c:/program files (x86)/atmel/studio/7.0/toolchain/avr8/avr8-gnu-toolchain/bin/../lib/gcc/avr/5.4.0/avr5\libgcc.a(_udivmodsi4.o)
 .text.libgcc.prologue
                0x00006f12        0x0 c:/program files (x86)/atmel/studio/7.0/toolchain/avr8/avr8-gnu-toolchain/bin/../lib/gcc/avr/5.4.0/avr5\libgcc.a(_udivmodsi4.o)
 .text.libgcc.builtins
                0x00006f12        0x0 c:/program files (x86)/atmel/studio/7.0/toolchain/avr8/avr8-gnu-toolchain/bin/../lib/gcc/avr/5.4.0/avr5\libgcc.a(_udivmodsi4.o)
 .text.libgcc.fmul
                0x00006f12        0x0 c:/program files (x86)/atmel/studio/7.0/toolchain/avr8/avr8-gnu-toolchain/bin/../lib/gcc/avr/5.4.0/avr5\libgcc.a(_udivmodsi4.o)
 .text.libgcc.fixed
                0x00006f12        0x0 c:/program files (x86)/atmel/studio/7.0/toolchain/avr8/avr8-gnu-toolchain/bin/../lib/gcc/avr/5.4.0/avr5\libgcc.a(_udivmodsi4.o)
 .text.libgcc.mul
                0x00006f12        0x0 c:/program files (x86)/atmel/studio/7.0/toolchain/avr8/avr8-gnu-toolchain/bin/../lib/gcc/avr/5.4.0/avr5\libgcc.a(_divmodsi4.o)
 .text.libgcc.div
                0x00006f12       0x28 c:/program files (x86)/atmel/studio/7.0/toolchain/avr8/avr8-gnu-toolchain/bin/../lib/gcc/avr/5.4.0/avr5\libgcc.a(_divmodsi4.o)
                0x00006f12                __divmodsi4
 .text.libgcc   0x00006f3a        0x0 c:/program files (x86)/atmel/studio/7.0/toolchain/avr8/avr8-gnu-toolchain/bin/../lib/gcc/avr/5.4.0/avr5\libgcc.a(_divmodsi4.o)
 .text.libgcc.prologue
                0x00006f3a        0x0 c:/program files (x86)/atmel/studio/7.0/toolchain/avr8/avr8-gnu-toolchain/bin/../lib/gcc/avr/5.4.0/avr5\libgcc.a(_divmodsi4.o)
 .text.libgcc.builtins
                0x00006f3a        0x0 c:/program files (x86)/atmel/studio/7.0/toolchain/avr8/avr8-gnu-toolchain/bin/../lib/gcc/avr/5.4.0/avr5\libgcc.a(_divmodsi4.o)
 .text.libgcc.fmul
                0x00006f3a        0x0 c:/program files (x86)/atmel/studio/7.0/toolchain/avr8/avr8-gnu-toolchain/bin/../lib/gcc/avr/5.4.0/avr5\libgcc.a(_divmodsi4.o)
 .text.libgcc.fixed
                0x00006f3a        0x0 c:/program files (x86)/atmel/studio/7.0/toolchain/avr8/avr8-gnu-toolchain/bin/../lib/gcc/avr/5.4.0/avr5\libgcc.a(_divmodsi4.o)
 .text.libgcc.mul
                0x00006f3a        0x0 c:/program files (x86)/atmel/studio/7.0/toolchain/avr8/avr8-gnu-toolchain/bin/../lib/gcc/avr/5.4.0/avr5\libgcc.a(_negsi2.o)
 .text.libgcc.div
                0x00006f3a       0x10 c:/program files (x86)/atmel/studio/7.0/toolchain/avr8/avr8-gnu-toolchain/bin/../lib/gcc/avr/5.4.0/avr5\libgcc.a(_negsi2.o)
                0x00006f3a                __negsi2
 .text.libgcc   0x00006f4a        0x0 c:/program files (x86)/atmel/studio/7.0/toolchain/avr8/avr8-gnu-toolchain/bin/../lib/gcc/avr/5.4.0/avr5\libgcc.a(_negsi2.o)
 .text.libgcc.prologue
                0x00006f4a        0x0 c:/program files (x86)/atmel/studio/7.0/toolchain/avr8/avr8-gnu-toolchain/bin/../lib/gcc/avr/5.4.0/avr5\libgcc.a(_negsi2.o)
 .text.libgcc.builtins
                0x00006f4a        0x0 c:/program files (x86)/atmel/studio/7.0/toolchain/avr8/avr8-gnu-toolchain/bin/../lib/gcc/avr/5.4.0/avr5\libgcc.a(_negsi2.o)
 .text.libgcc.fmul
                0x00006f4a        0x0 c:/program files (x86)/atmel/studio/7.0/toolchain/avr8/avr8-gnu-toolchain/bin/../lib/gcc/avr/5.4.0/avr5\libgcc.a(_negsi2.o)
 .text.libgcc.fixed
                0x00006f4a        0x0 c:/program files (x86)/atmel/studio/7.0/toolchain/avr8/avr8-gnu-toolchain/bin/../lib/gcc/avr/5.4.0/avr5\libgcc.a(_negsi2.o)
 .text.libgcc.mul
                0x00006f4a        0x0 c:/program files (x86)/atmel/studio/7.0/toolchain/avr8/avr8-gnu-toolchain/bin/../lib/gcc/avr/5.4.0/avr5\libgcc.a(_exit.o)
 .text.libgcc.div
                0x00006f4a        0x0 c:/program files (x86)/atmel/studio/7.0/toolchain/avr8/avr8-gnu-toolchain/bin/../lib/gcc/avr/5.4.0/avr5\libgcc.a(_exit.o)
 .text.libgcc   0x00006f4a        0x0 c:/program files (x86)/atmel/studio/7.0/toolchain/avr8/avr8-gnu-toolchain/bin/../lib/gcc/avr/5.4.0/avr5\libgcc.a(_exit.o)
 .text.libgcc.prologue
                0x00006f4a        0x0 c:/program files (x86)/atmel/studio/7.0/toolchain/avr8/avr8-gnu-toolchain/bin/../lib/gcc/avr/5.4.0/avr5\libgcc.a(_exit.o)
 .text.libgcc.builtins
                0x00006f4a        0x0 c:/program files (x86)/atmel/studio/7.0/toolchain/avr8/avr8-gnu-toolchain/bin/../lib/gcc/avr/5.4.0/avr5\libgcc.a(_exit.o)
 .text.libgcc.fmul
                0x00006f4a        0x0 c:/program files (x86)/atmel/studio/7.0/toolchain/avr8/avr8-gnu-toolchain/bin/../lib/gcc/avr/5.4.0/avr5\libgcc.a(_exit.o)
 .text.libgcc.fixed
                0x00006f4a        0x0 c:/program files (x86)/atmel/studio/7.0/toolchain/avr8/avr8-gnu-toolchain/bin/../lib/gcc/avr/5.4.0/avr5\libgcc.a(_exit.o)
 .text.libgcc.mul
                0x00006f4a        0x0 c:/program files (x86)/atmel/studio/7.0/toolchain/avr8/avr8-gnu-toolchain/bin/../lib/gcc/avr/5.4.0/avr5\libgcc.a(_tablejump2.o)
 .text.libgcc.div
                0x00006f4a        0x0 c:/program files (x86)/atmel/studio/7.0/toolchain/avr8/avr8-gnu-toolchain/bin/../lib/gcc/avr/5.4.0/avr5\libgcc.a(_tablejump2.o)
 .text.libgcc   0x00006f4a        0xc c:/program files (x86)/atmel/studio/7.0/toolchain/avr8/avr8-gnu-toolchain/bin/../lib/gcc/avr/5.4.0/avr5\libgcc.a(_tablejump2.o)
                0x00006f4a                __tablejump2__
 .text.libgcc.prologue
                0x00006f56        0x0 c:/program files (x86)/atmel/studio/7.0/toolchain/avr8/avr8-gnu-toolchain/bin/../lib/gcc/avr/5.4.0/avr5\libgcc.a(_tablejump2.o)
 .text.libgcc.builtins
                0x00006f56        0x0 c:/program files (x86)/atmel/studio/7.0/toolchain/avr8/avr8-gnu-toolchain/bin/../lib/gcc/avr/5.4.0/avr5\libgcc.a(_tablejump2.o)
 .text.libgcc.fmul
                0x00006f56        0x0 c:/program files (x86)/atmel/studio/7.0/toolchain/avr8/avr8-gnu-toolchain/bin/../lib/gcc/avr/5.4.0/avr5\libgcc.a(_tablejump2.o)
 .text.libgcc.fixed
                0x00006f56        0x0 c:/program files (x86)/atmel/studio/7.0/toolchain/avr8/avr8-gnu-toolchain/bin/../lib/gcc/avr/5.4.0/avr5\libgcc.a(_tablejump2.o)
 .text.libgcc.mul
                0x00006f56        0x0 c:/program files (x86)/atmel/studio/7.0/toolchain/avr8/avr8-gnu-toolchain/bin/../lib/gcc/avr/5.4.0/avr5\libgcc.a(_copy_data.o)
 .text.libgcc.div
                0x00006f56        0x0 c:/program files (x86)/atmel/studio/7.0/toolchain/avr8/avr8-gnu-toolchain/bin/../lib/gcc/avr/5.4.0/avr5\libgcc.a(_copy_data.o)
 .text.libgcc   0x00006f56        0x0 c:/program files (x86)/atmel/studio/7.0/toolchain/avr8/avr8-gnu-toolchain/bin/../lib/gcc/avr/5.4.0/avr5\libgcc.a(_copy_data.o)
 .text.libgcc.prologue
                0x00006f56        0x0 c:/program files (x86)/atmel/studio/7.0/toolchain/avr8/avr8-gnu-toolchain/bin/../lib/gcc/avr/5.4.0/avr5\libgcc.a(_copy_data.o)
 .text.libgcc.builtins
                0x00006f56        0x0 c:/program files (x86)/atmel/studio/7.0/toolchain/avr8/avr8-gnu-toolchain/bin/../lib/gcc/avr/5.4.0/avr5\libgcc.a(_copy_data.o)
 .text.libgcc.fmul
                0x00006f56        0x0 c:/program files (x86)/atmel/studio/7.0/toolchain/avr8/avr8-gnu-toolchain/bin/../lib/gcc/avr/5.4.0/avr5\libgcc.a(_copy_data.o)
 .text.libgcc.fixed
                0x00006f56        0x0 c:/program files (x86)/atmel/studio/7.0/toolchain/avr8/avr8-gnu-toolchain/bin/../lib/gcc/avr/5.4.0/avr5\libgcc.a(_copy_data.o)
 .text.libgcc.mul
                0x00006f56        0x0 c:/program files (x86)/atmel/studio/7.0/toolchain/avr8/avr8-gnu-toolchain/bin/../lib/gcc/avr/5.4.0/avr5\libgcc.a(_clear_bss.o)
 .text.libgcc.div
                0x00006f56        0x0 c:/program files (x86)/atmel/studio/7.0/toolchain/avr8/avr8-gnu-toolchain/bin/../lib/gcc/avr/5.4.0/avr5\libgcc.a(_clear_bss.o)
 .text.libgcc   0x00006f56        0x0 c:/program files (x86)/atmel/studio/7.0/toolchain/avr8/avr8-gnu-toolchain/bin/../lib/gcc/avr/5.4.0/avr5\libgcc.a(_clear_bss.o)
 .text.libgcc.prologue
                0x00006f56        0x0 c:/program files (x86)/atmel/studio/7.0/toolchain/avr8/avr8-gnu-toolchain/bin/../lib/gcc/avr/5.4.0/avr5\libgcc.a(_clear_bss.o)
 .text.libgcc.builtins
                0x00006f56        0x0 c:/program files (x86)/atmel/studio/7.0/toolchain/avr8/avr8-gnu-toolchain/bin/../lib/gcc/avr/5.4.0/avr5\libgcc.a(_clear_bss.o)
 .text.libgcc.fmul
                0x00006f56        0x0 c:/program files (x86)/atmel/studio/7.0/toolchain/avr8/avr8-gnu-toolchain/bin/../lib/gcc/avr/5.4.0/avr5\libgcc.a(_clear_bss.o)
 .text.libgcc.fixed
                0x00006f56        0x0 c:/program files (x86)/atmel/studio/7.0/toolchain/avr8/avr8-gnu-toolchain/bin/../lib/gcc/avr/5.4.0/avr5\libgcc.a(_clear_bss.o)
 .text.libgcc.mul
                0x00006f56       0x1e c:/program files (x86)/atmel/studio/7.0/toolchain/avr8/avr8-gnu-toolchain/bin/../lib/gcc/avr/5.4.0/avr5\libgcc.a(_umulhisi3.o)
                0x00006f56                __umulhisi3
 .text.libgcc.div
                0x00006f74        0x0 c:/program files (x86)/atmel/studio/7.0/toolchain/avr8/avr8-gnu-toolchain/bin/../lib/gcc/avr/5.4.0/avr5\libgcc.a(_umulhisi3.o)
 .text.libgcc   0x00006f74        0x0 c:/program files (x86)/atmel/studio/7.0/toolchain/avr8/avr8-gnu-toolchain/bin/../lib/gcc/avr/5.4.0/avr5\libgcc.a(_umulhisi3.o)
 .text.libgcc.prologue
                0x00006f74        0x0 c:/program files (x86)/atmel/studio/7.0/toolchain/avr8/avr8-gnu-toolchain/bin/../lib/gcc/avr/5.4.0/avr5\libgcc.a(_umulhisi3.o)
 .text.libgcc.builtins
                0x00006f74        0x0 c:/program files (x86)/atmel/studio/7.0/toolchain/avr8/avr8-gnu-toolchain/bin/../lib/gcc/avr/5.4.0/avr5\libgcc.a(_umulhisi3.o)
 .text.libgcc.fmul
                0x00006f74        0x0 c:/program files (x86)/atmel/studio/7.0/toolchain/avr8/avr8-gnu-toolchain/bin/../lib/gcc/avr/5.4.0/avr5\libgcc.a(_umulhisi3.o)
 .text.libgcc.fixed
                0x00006f74        0x0 c:/program files (x86)/atmel/studio/7.0/toolchain/avr8/avr8-gnu-toolchain/bin/../lib/gcc/avr/5.4.0/avr5\libgcc.a(_umulhisi3.o)
 .text.libgcc.mul
                0x00006f74       0x14 c:/program files (x86)/atmel/studio/7.0/toolchain/avr8/avr8-gnu-toolchain/bin/../lib/gcc/avr/5.4.0/avr5\libgcc.a(_muluhisi3.o)
                0x00006f74                __muluhisi3
 .text.libgcc.div
                0x00006f88        0x0 c:/program files (x86)/atmel/studio/7.0/toolchain/avr8/avr8-gnu-toolchain/bin/../lib/gcc/avr/5.4.0/avr5\libgcc.a(_muluhisi3.o)
 .text.libgcc   0x00006f88        0x0 c:/program files (x86)/atmel/studio/7.0/toolchain/avr8/avr8-gnu-toolchain/bin/../lib/gcc/avr/5.4.0/avr5\libgcc.a(_muluhisi3.o)
 .text.libgcc.prologue
                0x00006f88        0x0 c:/program files (x86)/atmel/studio/7.0/toolchain/avr8/avr8-gnu-toolchain/bin/../lib/gcc/avr/5.4.0/avr5\libgcc.a(_muluhisi3.o)
 .text.libgcc.builtins
                0x00006f88        0x0 c:/program files (x86)/atmel/studio/7.0/toolchain/avr8/avr8-gnu-toolchain/bin/../lib/gcc/avr/5.4.0/avr5\libgcc.a(_muluhisi3.o)
 .text.libgcc.fmul
                0x00006f88        0x0 c:/program files (x86)/atmel/studio/7.0/toolchain/avr8/avr8-gnu-toolchain/bin/../lib/gcc/avr/5.4.0/avr5\libgcc.a(_muluhisi3.o)
 .text.libgcc.fixed
                0x00006f88        0x0 c:/program files (x86)/atmel/studio/7.0/toolchain/avr8/avr8-gnu-toolchain/bin/../lib/gcc/avr/5.4.0/avr5\libgcc.a(_muluhisi3.o)
 .text.avr-libc
                0x00006f88       0x3a c:/program files (x86)/atmel/studio/7.0/toolchain/avr8/avr8-gnu-toolchain/bin/../lib/gcc/avr/5.4.0/../../../../avr/lib/avr5\libc.a(atoi.o)
                0x00006f88                atoi
 .text.avr-libc
                0x00006fc2       0x4c c:/program files (x86)/atmel/studio/7.0/toolchain/avr8/avr8-gnu-toolchain/bin/../lib/gcc/avr/5.4.0/../../../../avr/lib/avr5\libc.a(atol.o)
                0x00006fc2                atol
 .text.avr-libc
                0x0000700e       0x10 c:/program files (x86)/atmel/studio/7.0/toolchain/avr8/avr8-gnu-toolchain/bin/../lib/gcc/avr/5.4.0/../../../../avr/lib/avr5\libc.a(toupper.o)
                0x0000700e                toupper
 .text.avr-libc
                0x0000701e        0xe c:/program files (x86)/atmel/studio/7.0/toolchain/avr8/avr8-gnu-toolchain/bin/../lib/gcc/avr/5.4.0/../../../../avr/lib/avr5\libc.a(memset.o)
                0x0000701e                memset
 .text.avr-libc
                0x0000702c        0xe c:/program files (x86)/atmel/studio/7.0/toolchain/avr8/avr8-gnu-toolchain/bin/../lib/gcc/avr/5.4.0/../../../../avr/lib/avr5\libc.a(strcpy.o)
                0x0000702c                strcpy
 .text.avr-libc
                0x0000703a       0x12 c:/program files (x86)/atmel/studio/7.0/toolchain/avr8/avr8-gnu-toolchain/bin/../lib/gcc/avr/5.4.0/../../../../avr/lib/avr5\libc.a(strlen.o)
                0x0000703a                strlen
 .text.avr-libc
                0x0000704c       0x1e c:/program files (x86)/atmel/studio/7.0/toolchain/avr8/avr8-gnu-toolchain/bin/../lib/gcc/avr/5.4.0/../../../../avr/lib/avr5\libc.a(strncpy.o)
                0x0000704c                strncpy
 .text.avr-libc
                0x0000706a       0x2a c:/program files (x86)/atmel/studio/7.0/toolchain/avr8/avr8-gnu-toolchain/bin/../lib/gcc/avr/5.4.0/../../../../avr/lib/avr5\libc.a(mulsi10.o)
                0x0000706a                __mulsi_const_10
 .text.avr-libc
                0x00007094       0x10 c:/program files (x86)/atmel/studio/7.0/toolchain/avr8/avr8-gnu-toolchain/bin/../lib/gcc/avr/5.4.0/../../../../avr/lib/avr5\libc.a(mul10.o)
                0x00007094                __mulhi_const_10
 .text.avr-libc
                0x000070a4       0x3e c:/program files (x86)/atmel/studio/7.0/toolchain/avr8/avr8-gnu-toolchain/bin/../lib/gcc/avr/5.4.0/../../../../avr/lib/avr5\libc.a(sprintf.o)
                0x000070a4                sprintf
 .text.avr-libc
                0x000070e2      0x3a4 c:/program files (x86)/atmel/studio/7.0/toolchain/avr8/avr8-gnu-toolchain/bin/../lib/gcc/avr/5.4.0/../../../../avr/lib/avr5\libc.a(vfprintf_std.o)
                0x000070e2                vfprintf
 .text.avr-libc
                0x00007486       0x16 c:/program files (x86)/atmel/studio/7.0/toolchain/avr8/avr8-gnu-toolchain/bin/../lib/gcc/avr/5.4.0/../../../../avr/lib/avr5\libc.a(strnlen_P.o)
                0x00007486                strnlen_P
 .text.avr-libc
                0x0000749c       0x16 c:/program files (x86)/atmel/studio/7.0/toolchain/avr8/avr8-gnu-toolchain/bin/../lib/gcc/avr/5.4.0/../../../../avr/lib/avr5\libc.a(strnlen.o)
                0x0000749c                strnlen
 .text.avr-libc
                0x000074b2       0x78 c:/program files (x86)/atmel/studio/7.0/toolchain/avr8/avr8-gnu-toolchain/bin/../lib/gcc/avr/5.4.0/../../../../avr/lib/avr5\libc.a(fputc.o)
                0x000074b2                fputc
 .text.avr-libc
                0x0000752a       0xbc c:/program files (x86)/atmel/studio/7.0/toolchain/avr8/avr8-gnu-toolchain/bin/../lib/gcc/avr/5.4.0/../../../../avr/lib/avr5\libc.a(ultoa_invert.o)
                0x0000752a                __ultoa_invert
 .text.avr-libc
                0x000075e6       0x10 C:/Program Files (x86)/Atmel/Studio/7.0/Packs/atmel/ATmega_DFP/1.0.106/gcc/dev/atmega328p/avr5\libatmega328p.a(eerd_byte.o)
                0x000075e6                eeprom_read_byte
 .text.avr-libc
                0x000075f6        0xa C:/Program Files (x86)/Atmel/Studio/7.0/Packs/atmel/ATmega_DFP/1.0.106/gcc/dev/atmega328p/avr5\libatmega328p.a(eerd_dword.o)
                0x000075f6                eeprom_read_float
                0x000075f6                eeprom_read_dword
 .text.avr-libc
                0x00007600        0xa C:/Program Files (x86)/Atmel/Studio/7.0/Packs/atmel/ATmega_DFP/1.0.106/gcc/dev/atmega328p/avr5\libatmega328p.a(eerd_word.o)
                0x00007600                eeprom_read_word
 .text.avr-libc
                0x0000760a       0x1c C:/Program Files (x86)/Atmel/Studio/7.0/Packs/atmel/ATmega_DFP/1.0.106/gcc/dev/atmega328p/avr5\libatmega328p.a(eewr_byte.o)
                0x0000760a                eeprom_write_byte
                0x0000760c                eeprom_write_r18
 .text.avr-libc
                0x00007626        0xa C:/Program Files (x86)/Atmel/Studio/7.0/Packs/atmel/ATmega_DFP/1.0.106/gcc/dev/atmega328p/avr5\libatmega328p.a(eewr_dword.o)
                0x00007626                eeprom_write_dword
                0x00007626                eeprom_write_float
 .text.avr-libc
                0x00007630        0x6 C:/Program Files (x86)/Atmel/Studio/7.0/Packs/atmel/ATmega_DFP/1.0.106/gcc/dev/atmega328p/avr5\libatmega328p.a(eewr_word.o)
                0x00007630                eeprom_write_word
 .text.avr-libc
                0x00007636       0x20 C:/Program Files (x86)/Atmel/Studio/7.0/Packs/atmel/ATmega_DFP/1.0.106/gcc/dev/atmega328p/avr5\libatmega328p.a(eerd_block.o)
                0x00007636                eeprom_read_block
                0x0000763a                eeprom_read_blraw
 .text.libgcc.mul
                0x00007656        0x0 c:/program files (x86)/atmel/studio/7.0/toolchain/avr8/avr8-gnu-toolchain/bin/../lib/gcc/avr/5.4.0/avr5\libgcc.a(_prologue.o)
 .text.libgcc.div
                0x00007656        0x0 c:/program files (x86)/atmel/studio/7.0/toolchain/avr8/avr8-gnu-toolchain/bin/../lib/gcc/avr/5.4.0/avr5\libgcc.a(_prologue.o)
 .text.libgcc   0x00007656        0x0 c:/program files (x86)/atmel/studio/7.0/toolchain/avr8/avr8-gnu-toolchain/bin/../lib/gcc/avr/5.4.0/avr5\libgcc.a(_prologue.o)
 .text.libgcc.prologue
                0x00007656       0x38 c:/program files (x86)/atmel/studio/7.0/toolchain/avr8/avr8-gnu-toolchain/bin/../lib/gcc/avr/5.4.0/avr5\libgcc.a(_prologue.o)
                0x00007656                __prologue_saves__
 .text.libgcc.builtins
                0x0000768e        0x0 c:/program files (x86)/atmel/studio/7.0/toolchain/avr8/avr8-gnu-toolchain/bin/../lib/gcc/avr/5.4.0/avr5\libgcc.a(_prologue.o)
 .text.libgcc.fmul
                0x0000768e        0x0 c:/program files (x86)/atmel/studio/7.0/toolchain/avr8/avr8-gnu-toolchain/bin/../lib/gcc/avr/5.4.0/avr5\libgcc.a(_prologue.o)
 .text.libgcc.fixed
                0x0000768e        0x0 c:/program files (x86)/atmel/studio/7.0/toolchain/avr8/avr8-gnu-toolchain/bin/../lib/gcc/avr/5.4.0/avr5\libgcc.a(_prologue.o)
 .text.libgcc.mul
                0x0000768e        0x0 c:/program files (x86)/atmel/studio/7.0/toolchain/avr8/avr8-gnu-toolchain/bin/../lib/gcc/avr/5.4.0/avr5\libgcc.a(_epilogue.o)
 .text.libgcc.div
                0x0000768e        0x0 c:/program files (x86)/atmel/studio/7.0/toolchain/avr8/avr8-gnu-toolchain/bin/../lib/gcc/avr/5.4.0/avr5\libgcc.a(_epilogue.o)
 .text.libgcc   0x0000768e        0x0 c:/program files (x86)/atmel/studio/7.0/toolchain/avr8/avr8-gnu-toolchain/bin/../lib/gcc/avr/5.4.0/avr5\libgcc.a(_epilogue.o)
 .text.libgcc.prologue
                0x0000768e       0x36 c:/program files (x86)/atmel/studio/7.0/toolchain/avr8/avr8-gnu-toolchain/bin/../lib/gcc/avr/5.4.0/avr5\libgcc.a(_epilogue.o)
                0x0000768e                __epilogue_restores__
 .text.libgcc.builtins
                0x000076c4        0x0 c:/program files (x86)/atmel/studio/7.0/toolchain/avr8/avr8-gnu-toolchain/bin/../lib/gcc/avr/5.4.0/avr5\libgcc.a(_epilogue.o)
 .text.libgcc.fmul
                0x000076c4        0x0 c:/program files (x86)/atmel/studio/7.0/toolchain/avr8/avr8-gnu-toolchain/bin/../lib/gcc/avr/5.4.0/avr5\libgcc.a(_epilogue.o)
 .text.libgcc.fixed
                0x000076c4        0x0 c:/program files (x86)/atmel/studio/7.0/toolchain/avr8/avr8-gnu-toolchain/bin/../lib/gcc/avr/5.4.0/avr5\libgcc.a(_epilogue.o)
                0x000076c4                . = ALIGN (0x2)
 *(.fini9)
 .fini9         0x000076c4        0x0 c:/program files (x86)/atmel/studio/7.0/toolchain/avr8/avr8-gnu-toolchain/bin/../lib/gcc/avr/5.4.0/avr5\libgcc.a(_exit.o)
                0x000076c4                _exit
                0x000076c4                exit
 *(.fini9)
 *(.fini8)
 *(.fini8)
 *(.fini7)
 *(.fini7)
 *(.fini6)
 *(.fini6)
 *(.fini5)
 *(.fini5)
 *(.fini4)
 *(.fini4)
 *(.fini3)
 *(.fini3)
 *(.fini2)
 *(.fini2)
 *(.fini1)
 *(.fini1)
 *(.fini0)
 .fini0         0x000076c4        0x4 c:/program files (x86)/atmel/studio/7.0/toolchain/avr8/avr8-gnu-toolchain/bin/../lib/gcc/avr/5.4.0/avr5\libgcc.a(_exit.o)
 *(.fini0)
                0x000076c8                _etext = .

.data           0x00800100      0x410 load address 0x000076c8
                0x00800100                PROVIDE (__data_start, .)
 *(.data)
 .data          0x00800100        0x0 C:/Program Files (x86)/Atmel/Studio/7.0/Packs/atmel/ATmega_DFP/1.0.106/gcc/dev/atmega328p/avr5/crtatmega328p.o
 .data          0x00800100        0x9 src/Core/linkbus.o
 .data          0x00800109       0x18 src/Core/main.o
 .data          0x00800121        0x1 src/Core/morse.o
 .data          0x00800122       0x12 src/Core/transmitter.o
 .data          0x00800134        0x0 src/Core/util.o
 .data          0x00800134        0x0 src/Drivers/ad5245.o
 .data          0x00800134        0x0 src/Drivers/ds3231.o
 .data          0x00800134        0x0 src/Drivers/huzzah.o
 .data          0x00800134        0x2 src/Drivers/i2c.o
                0x00800134                g_i2c_not_timed_out
 .data          0x00800136        0x4 src/Drivers/si5351.o
 .data          0x0080013a        0x0 src/ASF/common/boards/user_board/init.o
 .data          0x0080013a        0x0 c:/program files (x86)/atmel/studio/7.0/toolchain/avr8/avr8-gnu-toolchain/bin/../lib/gcc/avr/5.4.0/avr5\libgcc.a(_mulsi3.o)
 .data          0x0080013a        0x0 c:/program files (x86)/atmel/studio/7.0/toolchain/avr8/avr8-gnu-toolchain/bin/../lib/gcc/avr/5.4.0/avr5\libgcc.a(_udivmodhi4.o)
 .data          0x0080013a        0x0 c:/program files (x86)/atmel/studio/7.0/toolchain/avr8/avr8-gnu-toolchain/bin/../lib/gcc/avr/5.4.0/avr5\libgcc.a(_divmodhi4.o)
 .data          0x0080013a        0x0 c:/program files (x86)/atmel/studio/7.0/toolchain/avr8/avr8-gnu-toolchain/bin/../lib/gcc/avr/5.4.0/avr5\libgcc.a(_udivmodsi4.o)
 .data          0x0080013a        0x0 c:/program files (x86)/atmel/studio/7.0/toolchain/avr8/avr8-gnu-toolchain/bin/../lib/gcc/avr/5.4.0/avr5\libgcc.a(_divmodsi4.o)
 .data          0x0080013a        0x0 c:/program files (x86)/atmel/studio/7.0/toolchain/avr8/avr8-gnu-toolchain/bin/../lib/gcc/avr/5.4.0/avr5\libgcc.a(_negsi2.o)
 .data          0x0080013a        0x0 c:/program files (x86)/atmel/studio/7.0/toolchain/avr8/avr8-gnu-toolchain/bin/../lib/gcc/avr/5.4.0/avr5\libgcc.a(_exit.o)
 .data          0x0080013a        0x0 c:/program files (x86)/atmel/studio/7.0/toolchain/avr8/avr8-gnu-toolchain/bin/../lib/gcc/avr/5.4.0/avr5\libgcc.a(_tablejump2.o)
 .data          0x0080013a        0x0 c:/program files (x86)/atmel/studio/7.0/toolchain/avr8/avr8-gnu-toolchain/bin/../lib/gcc/avr/5.4.0/avr5\libgcc.a(_copy_data.o)
 .data          0x0080013a        0x0 c:/program files (x86)/atmel/studio/7.0/toolchain/avr8/avr8-gnu-toolchain/bin/../lib/gcc/avr/5.4.0/avr5\libgcc.a(_clear_bss.o)
 .data          0x0080013a        0x0 c:/program files (x86)/atmel/studio/7.0/toolchain/avr8/avr8-gnu-toolchain/bin/../lib/gcc/avr/5.4.0/avr5\libgcc.a(_umulhisi3.o)
 .data          0x0080013a        0x0 c:/program files (x86)/atmel/studio/7.0/toolchain/avr8/avr8-gnu-toolchain/bin/../lib/gcc/avr/5.4.0/avr5\libgcc.a(_muluhisi3.o)
 .data          0x0080013a        0x0 c:/program files (x86)/atmel/studio/7.0/toolchain/avr8/avr8-gnu-toolchain/bin/../lib/gcc/avr/5.4.0/../../../../avr/lib/avr5\libc.a(atoi.o)
 .data          0x0080013a        0x0 c:/program files (x86)/atmel/studio/7.0/toolchain/avr8/avr8-gnu-toolchain/bin/../lib/gcc/avr/5.4.0/../../../../avr/lib/avr5\libc.a(atol.o)
 .data          0x0080013a        0x0 c:/program files (x86)/atmel/studio/7.0/toolchain/avr8/avr8-gnu-toolchain/bin/../lib/gcc/avr/5.4.0/../../../../avr/lib/avr5\libc.a(toupper.o)
 .data          0x0080013a        0x0 c:/program files (x86)/atmel/studio/7.0/toolchain/avr8/avr8-gnu-toolchain/bin/../lib/gcc/avr/5.4.0/../../../../avr/lib/avr5\libc.a(memset.o)
 .data          0x0080013a        0x0 c:/program files (x86)/atmel/studio/7.0/toolchain/avr8/avr8-gnu-toolchain/bin/../lib/gcc/avr/5.4.0/../../../../avr/lib/avr5\libc.a(strcpy.o)
 .data          0x0080013a        0x0 c:/program files (x86)/atmel/studio/7.0/toolchain/avr8/avr8-gnu-toolchain/bin/../lib/gcc/avr/5.4.0/../../../../avr/lib/avr5\libc.a(strlen.o)
 .data          0x0080013a        0x0 c:/program files (x86)/atmel/studio/7.0/toolchain/avr8/avr8-gnu-toolchain/bin/../lib/gcc/avr/5.4.0/../../../../avr/lib/avr5\libc.a(strncpy.o)
 .data          0x0080013a        0x0 c:/program files (x86)/atmel/studio/7.0/toolchain/avr8/avr8-gnu-toolchain/bin/../lib/gcc/avr/5.4.0/../../../../avr/lib/avr5\libc.a(mulsi10.o)
 .data          0x0080013a        0x0 c:/program files (x86)/atmel/studio/7.0/toolchain/avr8/avr8-gnu-toolchain/bin/../lib/gcc/avr/5.4.0/../../../../avr/lib/avr5\libc.a(mul10.o)
 .data          0x0080013a        0x0 c:/program files (x86)/atmel/studio/7.0/toolchain/avr8/avr8-gnu-toolchain/bin/../lib/gcc/avr/5.4.0/../../../../avr/lib/avr5\libc.a(sprintf.o)
 .data          0x0080013a        0x0 c:/program files (x86)/atmel/studio/7.0/toolchain/avr8/avr8-gnu-toolchain/bin/../lib/gcc/avr/5.4.0/../../../../avr/lib/avr5\libc.a(difftime.o)
 .data          0x0080013a        0x0 c:/program files (x86)/atmel/studio/7.0/toolchain/avr8/avr8-gnu-toolchain/bin/../lib/gcc/avr/5.4.0/../../../../avr/lib/avr5\libc.a(month_length.o)
 .data          0x0080013a        0x0 c:/program files (x86)/atmel/studio/7.0/toolchain/avr8/avr8-gnu-toolchain/bin/../lib/gcc/avr/5.4.0/../../../../avr/lib/avr5\libc.a(set_system_time.o)
 .data          0x0080013a        0x0 c:/program files (x86)/atmel/studio/7.0/toolchain/avr8/avr8-gnu-toolchain/bin/../lib/gcc/avr/5.4.0/../../../../avr/lib/avr5\libc.a(system_time.o)
 .data          0x0080013a        0x0 c:/program files (x86)/atmel/studio/7.0/toolchain/avr8/avr8-gnu-toolchain/bin/../lib/gcc/avr/5.4.0/../../../../avr/lib/avr5\libc.a(time.o)
 .data          0x0080013a        0x0 c:/program files (x86)/atmel/studio/7.0/toolchain/avr8/avr8-gnu-toolchain/bin/../lib/gcc/avr/5.4.0/../../../../avr/lib/avr5\libc.a(system_tick.o)
 .data          0x0080013a        0x0 c:/program files (x86)/atmel/studio/7.0/toolchain/avr8/avr8-gnu-toolchain/bin/../lib/gcc/avr/5.4.0/../../../../avr/lib/avr5\libc.a(vfprintf_std.o)
 .data          0x0080013a        0x0 c:/program files (x86)/atmel/studio/7.0/toolchain/avr8/avr8-gnu-toolchain/bin/../lib/gcc/avr/5.4.0/../../../../avr/lib/avr5\libc.a(strnlen_P.o)
 .data          0x0080013a        0x0 c:/program files (x86)/atmel/studio/7.0/toolchain/avr8/avr8-gnu-toolchain/bin/../lib/gcc/avr/5.4.0/../../../../avr/lib/avr5\libc.a(strnlen.o)
 .data          0x0080013a        0x0 c:/program files (x86)/atmel/studio/7.0/toolchain/avr8/avr8-gnu-toolchain/bin/../lib/gcc/avr/5.4.0/../../../../avr/lib/avr5\libc.a(fputc.o)
 .data          0x0080013a        0x0 c:/program files (x86)/atmel/studio/7.0/toolchain/avr8/avr8-gnu-toolchain/bin/../lib/gcc/avr/5.4.0/../../../../avr/lib/avr5\libc.a(ultoa_invert.o)
 .data          0x0080013a        0x0 c:/program files (x86)/atmel/studio/7.0/toolchain/avr8/avr8-gnu-toolchain/bin/../lib/gcc/avr/5.4.0/../../../../avr/lib/avr5\libc.a(isLeap.o)
 .data          0x0080013a        0x0 C:/Program Files (x86)/Atmel/Studio/7.0/Packs/atmel/ATmega_DFP/1.0.106/gcc/dev/atmega328p/avr5\libatmega328p.a(eerd_byte.o)
 .data          0x0080013a        0x0 C:/Program Files (x86)/Atmel/Studio/7.0/Packs/atmel/ATmega_DFP/1.0.106/gcc/dev/atmega328p/avr5\libatmega328p.a(eerd_dword.o)
 .data          0x0080013a        0x0 C:/Program Files (x86)/Atmel/Studio/7.0/Packs/atmel/ATmega_DFP/1.0.106/gcc/dev/atmega328p/avr5\libatmega328p.a(eerd_word.o)
 .data          0x0080013a        0x0 C:/Program Files (x86)/Atmel/Studio/7.0/Packs/atmel/ATmega_DFP/1.0.106/gcc/dev/atmega328p/avr5\libatmega328p.a(eewr_byte.o)
 .data          0x0080013a        0x0 C:/Program Files (x86)/Atmel/Studio/7.0/Packs/atmel/ATmega_DFP/1.0.106/gcc/dev/atmega328p/avr5\libatmega328p.a(eewr_dword.o)
 .data          0x0080013a        0x0 C:/Program Files (x86)/Atmel/Studio/7.0/Packs/atmel/ATmega_DFP/1.0.106/gcc/dev/atmega328p/avr5\libatmega328p.a(eewr_word.o)
 .data          0x0080013a        0x0 C:/Program Files (x86)/Atmel/Studio/7.0/Packs/atmel/ATmega_DFP/1.0.106/gcc/dev/atmega328p/avr5\libatmega328p.a(eerd_block.o)
 .data          0x0080013a        0x0 c:/program files (x86)/atmel/studio/7.0/toolchain/avr8/avr8-gnu-toolchain/bin/../lib/gcc/avr/5.4.0/avr5\libgcc.a(_prologue.o)
 .data          0x0080013a        0x0 c:/program files (x86)/atmel/studio/7.0/toolchain/avr8/avr8-gnu-toolchain/bin/../lib/gcc/avr/5.4.0/avr5\libgcc.a(_epilogue.o)
 *(.data*)
 *(.gnu.linkonce.d*)
 *(.rodata)
 .rodata        0x0080013a      0x307 src/Core/linkbus.o
 .rodata        0x00800441        0x6 src/Core/main.o
 *(.rodata*)
 .rodata.str1.1
                0x00800447       0xc8 src/Core/main.o
                                 0xce (size before relaxing)
 *(.gnu.linkonce.r*)
                0x00800510                . = ALIGN (0x2)
 *fill*         0x0080050f        0x1 
                0x00800510                _edata = .
                0x00800510                PROVIDE (__data_end, .)

.bss            0x00800510      0x24f
                0x00800510                PROVIDE (__bss_start, .)
 *(.bss)
 .bss           0x00800510        0x0 C:/Program Files (x86)/Atmel/Studio/7.0/Packs/atmel/ATmega_DFP/1.0.106/gcc/dev/atmega328p/avr5/crtatmega328p.o
 .bss           0x00800510      0x184 src/Core/linkbus.o
 .bss           0x00800694       0xa4 src/Core/main.o
 .bss           0x00800738        0xb src/Core/morse.o
 .bss           0x00800743        0x3 src/Core/transmitter.o
 .bss           0x00800746        0x0 src/Core/util.o
 .bss           0x00800746        0x0 src/Drivers/ad5245.o
 .bss           0x00800746        0x0 src/Drivers/ds3231.o
 .bss           0x00800746        0x0 src/Drivers/huzzah.o
 .bss           0x00800746        0x0 src/Drivers/i2c.o
 .bss           0x00800746       0x15 src/Drivers/si5351.o
 .bss           0x0080075b        0x0 src/ASF/common/boards/user_board/init.o
 .bss           0x0080075b        0x0 c:/program files (x86)/atmel/studio/7.0/toolchain/avr8/avr8-gnu-toolchain/bin/../lib/gcc/avr/5.4.0/avr5\libgcc.a(_mulsi3.o)
 .bss           0x0080075b        0x0 c:/program files (x86)/atmel/studio/7.0/toolchain/avr8/avr8-gnu-toolchain/bin/../lib/gcc/avr/5.4.0/avr5\libgcc.a(_udivmodhi4.o)
 .bss           0x0080075b        0x0 c:/program files (x86)/atmel/studio/7.0/toolchain/avr8/avr8-gnu-toolchain/bin/../lib/gcc/avr/5.4.0/avr5\libgcc.a(_divmodhi4.o)
 .bss           0x0080075b        0x0 c:/program files (x86)/atmel/studio/7.0/toolchain/avr8/avr8-gnu-toolchain/bin/../lib/gcc/avr/5.4.0/avr5\libgcc.a(_udivmodsi4.o)
 .bss           0x0080075b        0x0 c:/program files (x86)/atmel/studio/7.0/toolchain/avr8/avr8-gnu-toolchain/bin/../lib/gcc/avr/5.4.0/avr5\libgcc.a(_divmodsi4.o)
 .bss           0x0080075b        0x0 c:/program files (x86)/atmel/studio/7.0/toolchain/avr8/avr8-gnu-toolchain/bin/../lib/gcc/avr/5.4.0/avr5\libgcc.a(_negsi2.o)
 .bss           0x0080075b        0x0 c:/program files (x86)/atmel/studio/7.0/toolchain/avr8/avr8-gnu-toolchain/bin/../lib/gcc/avr/5.4.0/avr5\libgcc.a(_exit.o)
 .bss           0x0080075b        0x0 c:/program files (x86)/atmel/studio/7.0/toolchain/avr8/avr8-gnu-toolchain/bin/../lib/gcc/avr/5.4.0/avr5\libgcc.a(_tablejump2.o)
 .bss           0x0080075b        0x0 c:/program files (x86)/atmel/studio/7.0/toolchain/avr8/avr8-gnu-toolchain/bin/../lib/gcc/avr/5.4.0/avr5\libgcc.a(_copy_data.o)
 .bss           0x0080075b        0x0 c:/program files (x86)/atmel/studio/7.0/toolchain/avr8/avr8-gnu-toolchain/bin/../lib/gcc/avr/5.4.0/avr5\libgcc.a(_clear_bss.o)
 .bss           0x0080075b        0x0 c:/program files (x86)/atmel/studio/7.0/toolchain/avr8/avr8-gnu-toolchain/bin/../lib/gcc/avr/5.4.0/avr5\libgcc.a(_umulhisi3.o)
 .bss           0x0080075b        0x0 c:/program files (x86)/atmel/studio/7.0/toolchain/avr8/avr8-gnu-toolchain/bin/../lib/gcc/avr/5.4.0/avr5\libgcc.a(_muluhisi3.o)
 .bss           0x0080075b        0x0 c:/program files (x86)/atmel/studio/7.0/toolchain/avr8/avr8-gnu-toolchain/bin/../lib/gcc/avr/5.4.0/../../../../avr/lib/avr5\libc.a(atoi.o)
 .bss           0x0080075b        0x0 c:/program files (x86)/atmel/studio/7.0/toolchain/avr8/avr8-gnu-toolchain/bin/../lib/gcc/avr/5.4.0/../../../../avr/lib/avr5\libc.a(atol.o)
 .bss           0x0080075b        0x0 c:/program files (x86)/atmel/studio/7.0/toolchain/avr8/avr8-gnu-toolchain/bin/../lib/gcc/avr/5.4.0/../../../../avr/lib/avr5\libc.a(toupper.o)
 .bss           0x0080075b        0x0 c:/program files (x86)/atmel/studio/7.0/toolchain/avr8/avr8-gnu-toolchain/bin/../lib/gcc/avr/5.4.0/../../../../avr/lib/avr5\libc.a(memset.o)
 .bss           0x0080075b        0x0 c:/program files (x86)/atmel/studio/7.0/toolchain/avr8/avr8-gnu-toolchain/bin/../lib/gcc/avr/5.4.0/../../../../avr/lib/avr5\libc.a(strcpy.o)
 .bss           0x0080075b        0x0 c:/program files (x86)/atmel/studio/7.0/toolchain/avr8/avr8-gnu-toolchain/bin/../lib/gcc/avr/5.4.0/../../../../avr/lib/avr5\libc.a(strlen.o)
 .bss           0x0080075b        0x0 c:/program files (x86)/atmel/studio/7.0/toolchain/avr8/avr8-gnu-toolchain/bin/../lib/gcc/avr/5.4.0/../../../../avr/lib/avr5\libc.a(strncpy.o)
 .bss           0x0080075b        0x0 c:/program files (x86)/atmel/studio/7.0/toolchain/avr8/avr8-gnu-toolchain/bin/../lib/gcc/avr/5.4.0/../../../../avr/lib/avr5\libc.a(mulsi10.o)
 .bss           0x0080075b        0x0 c:/program files (x86)/atmel/studio/7.0/toolchain/avr8/avr8-gnu-toolchain/bin/../lib/gcc/avr/5.4.0/../../../../avr/lib/avr5\libc.a(mul10.o)
 .bss           0x0080075b        0x0 c:/program files (x86)/atmel/studio/7.0/toolchain/avr8/avr8-gnu-toolchain/bin/../lib/gcc/avr/5.4.0/../../../../avr/lib/avr5\libc.a(sprintf.o)
 .bss           0x0080075b        0x0 c:/program files (x86)/atmel/studio/7.0/toolchain/avr8/avr8-gnu-toolchain/bin/../lib/gcc/avr/5.4.0/../../../../avr/lib/avr5\libc.a(difftime.o)
 .bss           0x0080075b        0x0 c:/program files (x86)/atmel/studio/7.0/toolchain/avr8/avr8-gnu-toolchain/bin/../lib/gcc/avr/5.4.0/../../../../avr/lib/avr5\libc.a(month_length.o)
 .bss           0x0080075b        0x0 c:/program files (x86)/atmel/studio/7.0/toolchain/avr8/avr8-gnu-toolchain/bin/../lib/gcc/avr/5.4.0/../../../../avr/lib/avr5\libc.a(set_system_time.o)
 .bss           0x0080075b        0x0 c:/program files (x86)/atmel/studio/7.0/toolchain/avr8/avr8-gnu-toolchain/bin/../lib/gcc/avr/5.4.0/../../../../avr/lib/avr5\libc.a(system_time.o)
 .bss           0x0080075b        0x0 c:/program files (x86)/atmel/studio/7.0/toolchain/avr8/avr8-gnu-toolchain/bin/../lib/gcc/avr/5.4.0/../../../../avr/lib/avr5\libc.a(time.o)
 .bss           0x0080075b        0x0 c:/program files (x86)/atmel/studio/7.0/toolchain/avr8/avr8-gnu-toolchain/bin/../lib/gcc/avr/5.4.0/../../../../avr/lib/avr5\libc.a(system_tick.o)
 .bss           0x0080075b        0x0 c:/program files (x86)/atmel/studio/7.0/toolchain/avr8/avr8-gnu-toolchain/bin/../lib/gcc/avr/5.4.0/../../../../avr/lib/avr5\libc.a(vfprintf_std.o)
 .bss           0x0080075b        0x0 c:/program files (x86)/atmel/studio/7.0/toolchain/avr8/avr8-gnu-toolchain/bin/../lib/gcc/avr/5.4.0/../../../../avr/lib/avr5\libc.a(strnlen_P.o)
 .bss           0x0080075b        0x0 c:/program files (x86)/atmel/studio/7.0/toolchain/avr8/avr8-gnu-toolchain/bin/../lib/gcc/avr/5.4.0/../../../../avr/lib/avr5\libc.a(strnlen.o)
 .bss           0x0080075b        0x0 c:/program files (x86)/atmel/studio/7.0/toolchain/avr8/avr8-gnu-toolchain/bin/../lib/gcc/avr/5.4.0/../../../../avr/lib/avr5\libc.a(fputc.o)
 .bss           0x0080075b        0x0 c:/program files (x86)/atmel/studio/7.0/toolchain/avr8/avr8-gnu-toolchain/bin/../lib/gcc/avr/5.4.0/../../../../avr/lib/avr5\libc.a(ultoa_invert.o)
 .bss           0x0080075b        0x0 c:/program files (x86)/atmel/studio/7.0/toolchain/avr8/avr8-gnu-toolchain/bin/../lib/gcc/avr/5.4.0/../../../../avr/lib/avr5\libc.a(isLeap.o)
 .bss           0x0080075b        0x0 C:/Program Files (x86)/Atmel/Studio/7.0/Packs/atmel/ATmega_DFP/1.0.106/gcc/dev/atmega328p/avr5\libatmega328p.a(eerd_byte.o)
 .bss           0x0080075b        0x0 C:/Program Files (x86)/Atmel/Studio/7.0/Packs/atmel/ATmega_DFP/1.0.106/gcc/dev/atmega328p/avr5\libatmega328p.a(eerd_dword.o)
 .bss           0x0080075b        0x0 C:/Program Files (x86)/Atmel/Studio/7.0/Packs/atmel/ATmega_DFP/1.0.106/gcc/dev/atmega328p/avr5\libatmega328p.a(eerd_word.o)
 .bss           0x0080075b        0x0 C:/Program Files (x86)/Atmel/Studio/7.0/Packs/atmel/ATmega_DFP/1.0.106/gcc/dev/atmega328p/avr5\libatmega328p.a(eewr_byte.o)
 .bss           0x0080075b        0x0 C:/Program Files (x86)/Atmel/Studio/7.0/Packs/atmel/ATmega_DFP/1.0.106/gcc/dev/atmega328p/avr5\libatmega328p.a(eewr_dword.o)
 .bss           0x0080075b        0x0 C:/Program Files (x86)/Atmel/Studio/7.0/Packs/atmel/ATmega_DFP/1.0.106/gcc/dev/atmega328p/avr5\libatmega328p.a(eewr_word.o)
 .bss           0x0080075b        0x0 C:/Program Files (x86)/Atmel/Studio/7.0/Packs/atmel/ATmega_DFP/1.0.106/gcc/dev/atmega328p/avr5\libatmega328p.a(eerd_block.o)
 .bss           0x0080075b        0x0 c:/program files (x86)/atmel/studio/7.0/toolchain/avr8/avr8-gnu-toolchain/bin/../lib/gcc/avr/5.4.0/avr5\libgcc.a(_prologue.o)
 .bss           0x0080075b        0x0 c:/program files (x86)/atmel/studio/7.0/toolchain/avr8/avr8-gnu-toolchain/bin/../lib/gcc/avr/5.4.0/avr5\libgcc.a(_epilogue.o)
 *(.bss*)
 *(COMMON)
 COMMON         0x0080075b        0x4 c:/program files (x86)/atmel/studio/7.0/toolchain/avr8/avr8-gnu-toolchain/bin/../lib/gcc/avr/5.4.0/../../../../avr/lib/avr5\libc.a(system_time.o)
                0x0080075b                __system_time
                0x0080075f                PROVIDE (__bss_end, .)
                0x000076c8                __data_load_start = LOADADDR (.data)
                0x00007ad8                __data_load_end = (__data_load_start + SIZEOF (.data))

.noinit         0x0080075f        0x0
                [!provide]                PROVIDE (__noinit_start, .)
 *(.noinit*)
                [!provide]                PROVIDE (__noinit_end, .)
                0x0080075f                _end = .
                [!provide]                PROVIDE (__heap_start, .)

.eeprom         0x00810000       0x52
 *(.eeprom*)
 .eeprom        0x00810000       0x3b src/Core/main.o
 .eeprom        0x0081003b       0x17 src/Core/transmitter.o
                0x00810052                __eeprom_end = .

.fuse
 *(.fuse)
 *(.lfuse)
 *(.hfuse)
 *(.efuse)

.lock
 *(.lock*)

.signature
 *(.signature*)

.user_signatures
 *(.user_signatures*)

.stab
 *(.stab)

.stabstr
 *(.stabstr)

.stab.excl
 *(.stab.excl)

.stab.exclstr
 *(.stab.exclstr)

.stab.index
 *(.stab.index)

.stab.indexstr
 *(.stab.indexstr)

.comment        0x00000000       0x5c
 *(.comment)
 .comment       0x00000000       0x30 src/Core/linkbus.o
                                 0x31 (size before relaxing)
 .comment       0x00000030       0x31 src/Core/main.o
 .comment       0x00000030       0x31 src/Core/morse.o
 .comment       0x00000030       0x31 src/Core/transmitter.o
 .comment       0x00000030       0x31 src/Core/util.o
 .comment       0x00000030       0x31 src/Drivers/ad5245.o
 .comment       0x00000030       0x31 src/Drivers/ds3231.o
 .comment       0x00000030       0x31 src/Drivers/huzzah.o
 .comment       0x00000030       0x31 src/Drivers/i2c.o
 .comment       0x00000030       0x31 src/Drivers/si5351.o
 .comment       0x00000030       0x31 src/ASF/common/boards/user_board/init.o
 .comment       0x00000030       0x31 c:/program files (x86)/atmel/studio/7.0/toolchain/avr8/avr8-gnu-toolchain/bin/../lib/gcc/avr/5.4.0/../../../../avr/lib/avr5\libc.a(sprintf.o)
 .comment       0x00000030       0x31 c:/program files (x86)/atmel/studio/7.0/toolchain/avr8/avr8-gnu-toolchain/bin/../lib/gcc/avr/5.4.0/../../../../avr/lib/avr5\libc.a(difftime.o)
 .comment       0x00000030       0x31 c:/program files (x86)/atmel/studio/7.0/toolchain/avr8/avr8-gnu-toolchain/bin/../lib/gcc/avr/5.4.0/../../../../avr/lib/avr5\libc.a(month_length.o)
 .comment       0x00000030       0x31 c:/program files (x86)/atmel/studio/7.0/toolchain/avr8/avr8-gnu-toolchain/bin/../lib/gcc/avr/5.4.0/../../../../avr/lib/avr5\libc.a(set_system_time.o)
 .comment       0x00000030       0x31 c:/program files (x86)/atmel/studio/7.0/toolchain/avr8/avr8-gnu-toolchain/bin/../lib/gcc/avr/5.4.0/../../../../avr/lib/avr5\libc.a(system_time.o)
 .comment       0x00000030       0x31 c:/program files (x86)/atmel/studio/7.0/toolchain/avr8/avr8-gnu-toolchain/bin/../lib/gcc/avr/5.4.0/../../../../avr/lib/avr5\libc.a(time.o)
 .comment       0x00000030       0x2c c:/program files (x86)/atmel/studio/7.0/toolchain/avr8/avr8-gnu-toolchain/bin/../lib/gcc/avr/5.4.0/../../../../avr/lib/avr5\libc.a(vfprintf_std.o)
                                 0x2d (size before relaxing)
 .comment       0x0000005c       0x31 c:/program files (x86)/atmel/studio/7.0/toolchain/avr8/avr8-gnu-toolchain/bin/../lib/gcc/avr/5.4.0/../../../../avr/lib/avr5\libc.a(fputc.o)
 .comment       0x0000005c       0x31 c:/program files (x86)/atmel/studio/7.0/toolchain/avr8/avr8-gnu-toolchain/bin/../lib/gcc/avr/5.4.0/../../../../avr/lib/avr5\libc.a(isLeap.o)

.note.gnu.avr.deviceinfo
                0x00000000       0x40
 .note.gnu.avr.deviceinfo
                0x00000000       0x40 C:/Program Files (x86)/Atmel/Studio/7.0/Packs/atmel/ATmega_DFP/1.0.106/gcc/dev/atmega328p/avr5/crtatmega328p.o

.note.gnu.build-id
 *(.note.gnu.build-id)

.debug
 *(.debug)

.line
 *(.line)

.debug_srcinfo
 *(.debug_srcinfo)

.debug_sfnames
 *(.debug_sfnames)

.debug_aranges  0x00000000      0x160
 *(.debug_aranges)
 .debug_aranges
                0x00000000       0x20 src/Core/linkbus.o
 .debug_aranges
                0x00000020       0x20 src/Core/main.o
 .debug_aranges
                0x00000040       0x20 src/Core/morse.o
 .debug_aranges
                0x00000060       0x20 src/Core/transmitter.o
 .debug_aranges
                0x00000080       0x20 src/Core/util.o
 .debug_aranges
                0x000000a0       0x20 src/Drivers/ad5245.o
 .debug_aranges
                0x000000c0       0x20 src/Drivers/ds3231.o
 .debug_aranges
                0x000000e0       0x20 src/Drivers/huzzah.o
 .debug_aranges
                0x00000100       0x20 src/Drivers/i2c.o
 .debug_aranges
                0x00000120       0x20 src/Drivers/si5351.o
 .debug_aranges
                0x00000140       0x20 src/ASF/common/boards/user_board/init.o

.debug_pubnames
 *(.debug_pubnames)

.debug_info     0x00000000     0x3b79
 *(.debug_info .gnu.linkonce.wi.*)
 .debug_info    0x00000000      0xa04 src/Core/linkbus.o
 .debug_info    0x00000a04     0x105f src/Core/main.o
 .debug_info    0x00001a63      0x292 src/Core/morse.o
 .debug_info    0x00001cf5      0x761 src/Core/transmitter.o
 .debug_info    0x00002456      0x141 src/Core/util.o
 .debug_info    0x00002597       0x92 src/Drivers/ad5245.o
 .debug_info    0x00002629      0x3b2 src/Drivers/ds3231.o
 .debug_info    0x000029db       0xdf src/Drivers/huzzah.o
 .debug_info    0x00002aba      0x4b6 src/Drivers/i2c.o
 .debug_info    0x00002f70      0xb91 src/Drivers/si5351.o
 .debug_info    0x00003b01       0x78 src/ASF/common/boards/user_board/init.o

.debug_abbrev   0x00000000      0xddc
 *(.debug_abbrev)
 .debug_abbrev  0x00000000      0x1f1 src/Core/linkbus.o
 .debug_abbrev  0x000001f1      0x23f src/Core/main.o
 .debug_abbrev  0x00000430       0xe5 src/Core/morse.o
 .debug_abbrev  0x00000515      0x209 src/Core/transmitter.o
 .debug_abbrev  0x0000071e       0x7b src/Core/util.o
 .debug_abbrev  0x00000799       0x61 src/Drivers/ad5245.o
 .debug_abbrev  0x000007fa      0x147 src/Drivers/ds3231.o
 .debug_abbrev  0x00000941       0xa4 src/Drivers/huzzah.o
 .debug_abbrev  0x000009e5      0x1c1 src/Drivers/i2c.o
 .debug_abbrev  0x00000ba6      0x1f1 src/Drivers/si5351.o
 .debug_abbrev  0x00000d97       0x45 src/ASF/common/boards/user_board/init.o

.debug_line     0x00000000     0x5b2d
 *(.debug_line .debug_line.* .debug_line_end)
 .debug_line    0x00000000      0x9d2 src/Core/linkbus.o
 .debug_line    0x000009d2     0x1a5c src/Core/main.o
 .debug_line    0x0000242e      0xa6b src/Core/morse.o
 .debug_line    0x00002e99      0x7f2 src/Core/transmitter.o
 .debug_line    0x0000368b      0x362 src/Core/util.o
 .debug_line    0x000039ed      0x300 src/Drivers/ad5245.o
 .debug_line    0x00003ced      0x575 src/Drivers/ds3231.o
 .debug_line    0x00004262      0x344 src/Drivers/huzzah.o
 .debug_line    0x000045a6      0x77d src/Drivers/i2c.o
 .debug_line    0x00004d23      0xa72 src/Drivers/si5351.o
 .debug_line    0x00005795      0x398 src/ASF/common/boards/user_board/init.o

.debug_frame    0x00000000     0x1144
 *(.debug_frame)
 .debug_frame   0x00000000      0x334 src/Core/linkbus.o
 .debug_frame   0x00000334      0x430 src/Core/main.o
 .debug_frame   0x00000764       0x74 src/Core/morse.o
 .debug_frame   0x000007d8      0x254 src/Core/transmitter.o
 .debug_frame   0x00000a2c       0x74 src/Core/util.o
 .debug_frame   0x00000aa0       0x34 src/Drivers/ad5245.o
 .debug_frame   0x00000ad4       0xa8 src/Drivers/ds3231.o
 .debug_frame   0x00000b7c       0x74 src/Drivers/huzzah.o
 .debug_frame   0x00000bf0      0x1ec src/Drivers/i2c.o
 .debug_frame   0x00000ddc      0x334 src/Drivers/si5351.o
 .debug_frame   0x00001110       0x34 src/ASF/common/boards/user_board/init.o

.debug_str      0x00000000    0x1449e
 *(.debug_str)
 .debug_str     0x00000000     0x9eea src/Core/linkbus.o
                               0xa10a (size before relaxing)
 .debug_str     0x00009eea     0x8f3f src/Core/main.o
                              0x12e39 (size before relaxing)
 .debug_str     0x00012e29      0x12a src/Core/morse.o
                               0x7e70 (size before relaxing)
 .debug_str     0x00012f53      0x485 src/Core/transmitter.o
                               0x98b5 (size before relaxing)
 .debug_str     0x000133d8       0x5a src/Core/util.o
                               0x87b4 (size before relaxing)
 .debug_str     0x00013432      0x32d src/Drivers/ad5245.o
                               0x7d85 (size before relaxing)
 .debug_str     0x0001375f      0x272 src/Drivers/ds3231.o
                               0x8947 (size before relaxing)
 .debug_str     0x000139d1       0x3b src/Drivers/huzzah.o
                               0x7a53 (size before relaxing)
 .debug_str     0x00013a0c      0x6b6 src/Drivers/i2c.o
                               0x987c (size before relaxing)
 .debug_str     0x000140c2      0x3a6 src/Drivers/si5351.o
                               0x9e3e (size before relaxing)
 .debug_str     0x00014468       0x36 src/ASF/common/boards/user_board/init.o
                               0xf754 (size before relaxing)

.debug_loc      0x00000000     0x240f
 *(.debug_loc)
 .debug_loc     0x00000000      0x6a9 src/Core/linkbus.o
 .debug_loc     0x000006a9      0x982 src/Core/main.o
 .debug_loc     0x0000102b       0xd6 src/Core/morse.o
 .debug_loc     0x00001101      0x4a5 src/Core/transmitter.o
 .debug_loc     0x000015a6       0xd8 src/Core/util.o
 .debug_loc     0x0000167e       0x48 src/Drivers/ad5245.o
 .debug_loc     0x000016c6      0x152 src/Drivers/ds3231.o
 .debug_loc     0x00001818       0xcb src/Drivers/huzzah.o
 .debug_loc     0x000018e3      0x3e6 src/Drivers/i2c.o
 .debug_loc     0x00001cc9      0x70b src/Drivers/si5351.o
 .debug_loc     0x000023d4       0x3b src/ASF/common/boards/user_board/init.o

.debug_macinfo
 *(.debug_macinfo)

.debug_weaknames
 *(.debug_weaknames)

.debug_funcnames
 *(.debug_funcnames)

.debug_typenames
 *(.debug_typenames)

.debug_varnames
 *(.debug_varnames)

.debug_pubtypes
 *(.debug_pubtypes)

.debug_ranges   0x00000000       0x80
 *(.debug_ranges)
 .debug_ranges  0x00000000       0x80 src/Core/main.o

.debug_macro    0x00000000     0x580c
 *(.debug_macro)
 .debug_macro   0x00000000      0x189 src/Core/linkbus.o
 .debug_macro   0x00000189      0xa60 src/Core/linkbus.o
 .debug_macro   0x00000be9       0x10 src/Core/linkbus.o
 .debug_macro   0x00000bf9      0x1c9 src/Core/linkbus.o
 .debug_macro   0x00000dc2      0x2fc src/Core/linkbus.o
 .debug_macro   0x000010be       0x9e src/Core/linkbus.o
 .debug_macro   0x0000115c     0x1410 src/Core/linkbus.o
 .debug_macro   0x0000256c      0x13a src/Core/linkbus.o
 .debug_macro   0x000026a6       0xbd src/Core/linkbus.o
 .debug_macro   0x00002763       0x34 src/Core/linkbus.o
 .debug_macro   0x00002797       0x18 src/Core/linkbus.o
 .debug_macro   0x000027af       0x6c src/Core/linkbus.o
 .debug_macro   0x0000281b       0x10 src/Core/linkbus.o
 .debug_macro   0x0000282b      0x166 src/Core/linkbus.o
 .debug_macro   0x00002991       0x69 src/Core/linkbus.o
 .debug_macro   0x000029fa      0x257 src/Core/linkbus.o
 .debug_macro   0x00002c51      0x16d src/Core/linkbus.o
 .debug_macro   0x00002dbe       0x39 src/Core/linkbus.o
 .debug_macro   0x00002df7      0x368 src/Core/linkbus.o
 .debug_macro   0x0000315f       0x8e src/Core/linkbus.o
 .debug_macro   0x000031ed       0x59 src/Core/linkbus.o
 .debug_macro   0x00003246       0x1c src/Core/linkbus.o
 .debug_macro   0x00003262       0x35 src/Core/linkbus.o
 .debug_macro   0x00003297       0x5a src/Core/linkbus.o
 .debug_macro   0x000032f1       0x2e src/Core/linkbus.o
 .debug_macro   0x0000331f       0x16 src/Core/linkbus.o
 .debug_macro   0x00003335       0x58 src/Core/linkbus.o
 .debug_macro   0x0000338d       0x10 src/Core/linkbus.o
 .debug_macro   0x0000339d       0xf2 src/Core/linkbus.o
 .debug_macro   0x0000348f       0x68 src/Core/linkbus.o
 .debug_macro   0x000034f7      0x285 src/Core/main.o
 .debug_macro   0x0000377c       0x10 src/Core/main.o
 .debug_macro   0x0000378c       0x22 src/Core/main.o
 .debug_macro   0x000037ae       0x60 src/Core/main.o
 .debug_macro   0x0000380e      0x644 src/Core/main.o
 .debug_macro   0x00003e52       0x44 src/Core/main.o
 .debug_macro   0x00003e96       0x2c src/Core/main.o
 .debug_macro   0x00003ec2       0x10 src/Core/main.o
 .debug_macro   0x00003ed2       0xe2 src/Core/main.o
 .debug_macro   0x00003fb4       0x40 src/Core/main.o
 .debug_macro   0x00003ff4      0x100 src/Core/main.o
 .debug_macro   0x000040f4      0x2a4 src/Core/main.o
 .debug_macro   0x00004398       0x34 src/Core/main.o
 .debug_macro   0x000043cc      0x160 src/Core/main.o
 .debug_macro   0x0000452c       0x33 src/Core/main.o
 .debug_macro   0x0000455f       0x1c src/Core/main.o
 .debug_macro   0x0000457b       0x10 src/Core/main.o
 .debug_macro   0x0000458b       0xe6 src/Core/morse.o
 .debug_macro   0x00004671      0x13e src/Core/transmitter.o
 .debug_macro   0x000047af      0x10e src/Core/transmitter.o
 .debug_macro   0x000048bd       0x86 src/Core/transmitter.o
 .debug_macro   0x00004943      0x141 src/Core/util.o
 .debug_macro   0x00004a84       0xdd src/Drivers/ad5245.o
 .debug_macro   0x00004b61       0xdd src/Drivers/ad5245.o
 .debug_macro   0x00004c3e      0x1a9 src/Drivers/ds3231.o
 .debug_macro   0x00004de7       0x20 src/Drivers/ds3231.o
 .debug_macro   0x00004e07       0xcf src/Drivers/huzzah.o
 .debug_macro   0x00004ed6      0x11e src/Drivers/i2c.o
 .debug_macro   0x00004ff4       0xd7 src/Drivers/i2c.o
 .debug_macro   0x000050cb       0x81 src/Drivers/i2c.o
 .debug_macro   0x0000514c       0x2e src/Drivers/i2c.o
 .debug_macro   0x0000517a      0x25d src/Drivers/i2c.o
 .debug_macro   0x000053d7      0x14f src/Drivers/si5351.o
 .debug_macro   0x00005526       0x97 src/Drivers/si5351.o
 .debug_macro   0x000055bd       0x97 src/Drivers/si5351.o
 .debug_macro   0x00005654      0x152 src/ASF/common/boards/user_board/init.o
 .debug_macro   0x000057a6       0x66 src/ASF/common/boards/user_board/init.o
OUTPUT(RDP.elf elf32-avr)
LOAD linker stubs
